Component: ARM Compiler 5.06 update 6 (build 750) Tool: armlink [4d35ed]

==============================================================================

Section Cross References

    startup_stm32f429_439xx.o(RESET) refers to startup_stm32f429_439xx.o(STACK) for __initial_sp
    startup_stm32f429_439xx.o(RESET) refers to startup_stm32f429_439xx.o(.text) for Reset_Handler
    startup_stm32f429_439xx.o(RESET) refers to stm32f4xx_it.o(i.NMI_Handler) for NMI_Handler
    startup_stm32f429_439xx.o(RESET) refers to stm32f4xx_it.o(i.HardFault_Handler) for HardFault_Handler
    startup_stm32f429_439xx.o(RESET) refers to stm32f4xx_it.o(i.MemManage_Handler) for MemManage_Handler
    startup_stm32f429_439xx.o(RESET) refers to stm32f4xx_it.o(i.BusFault_Handler) for BusFault_Handler
    startup_stm32f429_439xx.o(RESET) refers to stm32f4xx_it.o(i.UsageFault_Handler) for UsageFault_Handler
    startup_stm32f429_439xx.o(RESET) refers to stm32f4xx_it.o(i.SVC_Handler) for SVC_Handler
    startup_stm32f429_439xx.o(RESET) refers to stm32f4xx_it.o(i.DebugMon_Handler) for DebugMon_Handler
    startup_stm32f429_439xx.o(RESET) refers to stm32f4xx_it.o(i.PendSV_Handler) for PendSV_Handler
    startup_stm32f429_439xx.o(RESET) refers to stm32f4xx_it.o(i.SysTick_Handler) for SysTick_Handler
    startup_stm32f429_439xx.o(RESET) refers to stm32f4xx_it.o(i.USART1_IRQHandler) for USART1_IRQHandler
    startup_stm32f429_439xx.o(RESET) refers to bsp_basic_tim.o(i.TIM6_DAC_IRQHandler) for TIM6_DAC_IRQHandler
    startup_stm32f429_439xx.o(RESET) refers to stm32f4xx_it.o(i.OTG_FS_IRQHandler) for OTG_FS_IRQHandler
    startup_stm32f429_439xx.o(RESET) refers to usb_bsp.o(i.OTG_HS_EP1_OUT_IRQHandler) for OTG_HS_EP1_OUT_IRQHandler
    startup_stm32f429_439xx.o(RESET) refers to usb_bsp.o(i.OTG_HS_EP1_IN_IRQHandler) for OTG_HS_EP1_IN_IRQHandler
    startup_stm32f429_439xx.o(RESET) refers to usb_bsp.o(i.OTG_HS_IRQHandler) for OTG_HS_IRQHandler
    startup_stm32f429_439xx.o(.text) refers to system_stm32f4xx.o(i.SystemInit) for SystemInit
    startup_stm32f429_439xx.o(.text) refers to entry.o(.ARM.Collect$$$$00000000) for __main
    system_stm32f4xx.o(i.SystemCoreClockUpdate) refers to system_stm32f4xx.o(.data) for .data
    system_stm32f4xx.o(i.SystemInit) refers to system_stm32f4xx.o(i.SetSysClock) for SetSysClock
    stm32f4xx_adc.o(i.ADC_DeInit) refers to stm32f4xx_rcc.o(i.RCC_APB2PeriphResetCmd) for RCC_APB2PeriphResetCmd
    stm32f4xx_can.o(i.CAN_DeInit) refers to stm32f4xx_rcc.o(i.RCC_APB1PeriphResetCmd) for RCC_APB1PeriphResetCmd
    stm32f4xx_can.o(i.CAN_GetITStatus) refers to stm32f4xx_can.o(i.CheckITStatus) for CheckITStatus
    stm32f4xx_cryp.o(i.CRYP_DeInit) refers to stm32f4xx_rcc.o(i.RCC_AHB2PeriphResetCmd) for RCC_AHB2PeriphResetCmd
    stm32f4xx_cryp_aes.o(i.CRYP_AES_CBC) refers to stm32f4xx_cryp.o(i.CRYP_KeyStructInit) for CRYP_KeyStructInit
    stm32f4xx_cryp_aes.o(i.CRYP_AES_CBC) refers to stm32f4xx_cryp.o(i.CRYP_KeyInit) for CRYP_KeyInit
    stm32f4xx_cryp_aes.o(i.CRYP_AES_CBC) refers to stm32f4xx_cryp.o(i.CRYP_Init) for CRYP_Init
    stm32f4xx_cryp_aes.o(i.CRYP_AES_CBC) refers to stm32f4xx_cryp.o(i.CRYP_IVInit) for CRYP_IVInit
    stm32f4xx_cryp_aes.o(i.CRYP_AES_CBC) refers to stm32f4xx_cryp.o(i.CRYP_FIFOFlush) for CRYP_FIFOFlush
    stm32f4xx_cryp_aes.o(i.CRYP_AES_CBC) refers to stm32f4xx_cryp.o(i.CRYP_Cmd) for CRYP_Cmd
    stm32f4xx_cryp_aes.o(i.CRYP_AES_CBC) refers to stm32f4xx_cryp.o(i.CRYP_GetCmdStatus) for CRYP_GetCmdStatus
    stm32f4xx_cryp_aes.o(i.CRYP_AES_CBC) refers to stm32f4xx_cryp.o(i.CRYP_GetFlagStatus) for CRYP_GetFlagStatus
    stm32f4xx_cryp_aes.o(i.CRYP_AES_CBC) refers to stm32f4xx_cryp.o(i.CRYP_DataIn) for CRYP_DataIn
    stm32f4xx_cryp_aes.o(i.CRYP_AES_CBC) refers to stm32f4xx_cryp.o(i.CRYP_DataOut) for CRYP_DataOut
    stm32f4xx_cryp_aes.o(i.CRYP_AES_CCM) refers to stm32f4xx_cryp.o(i.CRYP_KeyStructInit) for CRYP_KeyStructInit
    stm32f4xx_cryp_aes.o(i.CRYP_AES_CCM) refers to stm32f4xx_cryp.o(i.CRYP_FIFOFlush) for CRYP_FIFOFlush
    stm32f4xx_cryp_aes.o(i.CRYP_AES_CCM) refers to stm32f4xx_cryp.o(i.CRYP_KeyInit) for CRYP_KeyInit
    stm32f4xx_cryp_aes.o(i.CRYP_AES_CCM) refers to stm32f4xx_cryp.o(i.CRYP_IVInit) for CRYP_IVInit
    stm32f4xx_cryp_aes.o(i.CRYP_AES_CCM) refers to stm32f4xx_cryp.o(i.CRYP_Init) for CRYP_Init
    stm32f4xx_cryp_aes.o(i.CRYP_AES_CCM) refers to stm32f4xx_cryp.o(i.CRYP_PhaseConfig) for CRYP_PhaseConfig
    stm32f4xx_cryp_aes.o(i.CRYP_AES_CCM) refers to stm32f4xx_cryp.o(i.CRYP_DataIn) for CRYP_DataIn
    stm32f4xx_cryp_aes.o(i.CRYP_AES_CCM) refers to stm32f4xx_cryp.o(i.CRYP_Cmd) for CRYP_Cmd
    stm32f4xx_cryp_aes.o(i.CRYP_AES_CCM) refers to stm32f4xx_cryp.o(i.CRYP_GetCmdStatus) for CRYP_GetCmdStatus
    stm32f4xx_cryp_aes.o(i.CRYP_AES_CCM) refers to stm32f4xx_cryp.o(i.CRYP_GetFlagStatus) for CRYP_GetFlagStatus
    stm32f4xx_cryp_aes.o(i.CRYP_AES_CCM) refers to stm32f4xx_cryp.o(i.CRYP_DataOut) for CRYP_DataOut
[...]
    corconv                                  0x200000b2   Data           2  bsp_basic_tim.o(.data)
    tempbuf                                  0x200000b4   Data           2  bsp_basic_tim.o(.data)
    tccrc                                    0x200000b6   Data           2  bsp_basic_tim.o(.data)
    tccrc                                    0x200000b8   Data           2  bsp_basic_tim.o(.data)
    testi                                    0x200000c0   Data           4  bsp_basic_tim.o(.data)
    .data                                    0x200000c8   Section       40  touchscreen.o(.data)
    i                                        0x200000c8   Data           1  touchscreen.o(.data)
    touchdelay                               0x200000c9   Data           1  touchscreen.o(.data)
    Modify_A_READ                            0x200000d8   Data           4  touchscreen.o(.data)
    Modify_C_READ                            0x200000dc   Data           4  touchscreen.o(.data)
    Modify_A_ACT                             0x200000e0   Data           4  touchscreen.o(.data)
    Modify_B_READ                            0x200000e4   Data           4  touchscreen.o(.data)
    Modify_D_READ                            0x200000e8   Data           4  touchscreen.o(.data)
    Modify_B_ACT                             0x200000ec   Data           4  touchscreen.o(.data)
    .data                                    0x200000f0   Section        4  ch376.o(.data)
    SPITimeout                               0x200000f0   Data           4  ch376.o(.data)
    .data                                    0x200000f4   Section       44  usbd_core.o(.data)
    .data                                    0x20000120   Section        4  usbd_core.o(.data)
    .data                                    0x20000124   Section        4  usbd_core.o(.data)
    .data                                    0x20000128   Section       16  usbd_req.o(.data)
    cfgidx                                   0x20000128   Data           1  usbd_req.o(.data)
    .data                                    0x20000138   Section       28  usbd_usr.o(.data)
    .data                                    0x20000154   Section       48  usbd_hid_core.o(.data)
    .data                                    0x20000184   Section       90  usbd_hid_core.o(.data)
    USBD_HID_AltSet                          0x20000188   Data           4  usbd_hid_core.o(.data)
    USBD_HID_Protocol                        0x2000018c   Data           4  usbd_hid_core.o(.data)
    USBD_HID_IdleState                       0x20000190   Data           4  usbd_hid_core.o(.data)
    USBD_HID_CfgDesc                         0x20000194   Data          41  usbd_hid_core.o(.data)
    HID_MOUSE_ReportDesc                     0x200001bd   Data          33  usbd_hid_core.o(.data)
    .data                                    0x200001e0   Section       28  usbd_desc.o(.data)
    .data                                    0x200001fc   Section       22  usbd_desc.o(.data)
    .data                                    0x20000212   Section       10  usbd_desc.o(.data)
    .data                                    0x2000021c   Section        4  stdout.o(.data)
    .bss                                     0x20000220   Section     4376  main.o(.bss)
    TarName                                  0x20000220   Data          64  main.o(.bss)
    iapname                                  0x20000260   Data          64  main.o(.bss)
    graphbuf                                 0x200002a0   Data         128  main.o(.bss)
    hisbuf                                   0x20000320   Data         128  main.o(.bss)
    filedatabuf                              0x20000b38   Data        2048  main.o(.bss)
    .bss                                     0x20001338   Section       39  stm32f4xx_it.o(.bss)
    .bss                                     0x2000135f   Section      255  usbd_req.o(.bss)
    STACK                                    0x20001460   Section     1024  startup_stm32f429_439xx.o(STACK)

    Global Symbols

    Symbol Name                              Value     Ov Type        Size  Object(Section)

    BuildAttributes$$THM_ISAv4$E$P$D$K$B$S$7EM$VFPi3$EXTD16$VFPS$VFMA$PE$A:L22UL41UL21$X:L11$S22US41US21$IEEE1$IW$USESV6$~STKCKD$USESV7$~SHL$OTIME$ROPI$IEEEJ$EBA8$MICROLIB$REQ8$PRES8$EABIv2 0x00000000   Number         0  anon$$obj.o ABSOLUTE
    __ARM_use_no_argv                        0x00000000   Number         0  main.o ABSOLUTE
    _printf_a                                0x00000000   Number         0  stubs.o ABSOLUTE
    _printf_c                                0x00000000   Number         0  stubs.o ABSOLUTE
    _printf_charcount                        0x00000000   Number         0  stubs.o ABSOLUTE
    _printf_d                                0x00000000   Number         0  stubs.o ABSOLUTE
    _printf_e                                0x00000000   Number         0  stubs.o ABSOLUTE
    _printf_f                                0x00000000   Number         0  stubs.o ABSOLUTE
    _printf_flags                            0x00000000   Number         0  stubs.o ABSOLUTE
    _printf_fp_dec                           0x00000000   Number         0  stubs.o ABSOLUTE
    _printf_fp_hex                           0x00000000   Number         0  stubs.o ABSOLUTE
    _printf_g                                0x00000000   Number         0  stubs.o ABSOLUTE
    _printf_i                                0x00000000   Number         0  stubs.o ABSOLUTE
    _printf_int_dec                          0x00000000   Number         0  stubs.o ABSOLUTE
    _printf_l                                0x00000000   Number         0  stubs.o ABSOLUTE
    _printf_lc                               0x00000000   Number         0  stubs.o ABSOLUTE
    _printf_ll                               0x00000000   Number         0  stubs.o ABSOLUTE
    _printf_lld                              0x00000000   Number         0  stubs.o ABSOLUTE
    _printf_lli                              0x00000000   Number         0  stubs.o ABSOLUTE
    _printf_llo                              0x00000000   Number         0  stubs.o ABSOLUTE
    _printf_llu                              0x00000000   Number         0  stubs.o ABSOLUTE
    _printf_llx                              0x00000000   Number         0  stubs.o ABSOLUTE
    _printf_longlong_dec                     0x00000000   Number         0  stubs.o ABSOLUTE
    _printf_longlong_hex                     0x00000000   Number         0  stubs.o ABSOLUTE
    _printf_longlong_oct                     0x00000000   Number         0  stubs.o ABSOLUTE
    _printf_ls                               0x00000000   Number         0  stubs.o ABSOLUTE
    _printf_mbtowc                           0x00000000   Number         0  stubs.o ABSOLUTE
    _printf_n                                0x00000000   Number         0  stubs.o ABSOLUTE
    _printf_o                                0x00000000   Number         0  stubs.o ABSOLUTE
    _printf_p                                0x00000000   Number         0  stubs.o ABSOLUTE
    _printf_percent                          0x00000000   Number         0  stubs.o ABSOLUTE
    _printf_pre_padding                      0x00000000   Number         0  stubs.o ABSOLUTE
    _printf_return_value                     0x00000000   Number         0  stubs.o ABSOLUTE
    _printf_s                                0x00000000   Number         0  stubs.o ABSOLUTE
    _printf_sizespec                         0x00000000   Number         0  stubs.o ABSOLUTE
    _printf_str                              0x00000000   Number         0  stubs.o ABSOLUTE
    _printf_truncate_signed                  0x00000000   Number         0  stubs.o ABSOLUTE
    _printf_truncate_unsigned                0x00000000   Number         0  stubs.o ABSOLUTE
    _printf_u                                0x00000000   Number         0  stubs.o ABSOLUTE
    _printf_wc                               0x00000000   Number         0  stubs.o ABSOLUTE
    _printf_wctomb                           0x00000000   Number         0  stubs.o ABSOLUTE
    _printf_widthprec                        0x00000000   Number         0  stubs.o ABSOLUTE
    _printf_x                                0x00000000   Number         0  stubs.o ABSOLUTE
    __cpp_initialize__aeabi_                  - Undefined Weak Reference
    __cxa_finalize                            - Undefined Weak Reference
    _clock_init                               - Undefined Weak Reference
    _microlib_exit                            - Undefined Weak Reference
    __Vectors_Size                           0x000001ac   Number         0  startup_stm32f429_439xx.o ABSOLUTE
    __Vectors                                0x080c0000   Data           4  startup_stm32f429_439xx.o(RESET)
    __Vectors_End                            0x080c01ac   Data           0  startup_stm32f429_439xx.o(RESET)
    __main                                   0x080c01ad   Thumb Code     0  entry.o(.ARM.Collect$$$$00000000)
    _main_stk                                0x080c01ad   Thumb Code     0  entry2.o(.ARM.Collect$$$$00000001)
    _main_scatterload                        0x080c01b1   Thumb Code     0  entry5.o(.ARM.Collect$$$$00000004)
    __main_after_scatterload                 0x080c01b5   Thumb Code     0  entry5.o(.ARM.Collect$$$$00000004)
    _main_clock                              0x080c01b5   Thumb Code     0  entry7b.o(.ARM.Collect$$$$00000008)
    _main_cpp_init                           0x080c01b5   Thumb Code     0  entry8b.o(.ARM.Collect$$$$0000000A)
    _main_init                               0x080c01b5   Thumb Code     0  entry9a.o(.ARM.Collect$$$$0000000B)
    __rt_final_cpp                           0x080c01bd   Thumb Code     0  entry10a.o(.ARM.Collect$$$$0000000D)
    __rt_final_exit                          0x080c01bd   Thumb Code     0  entry11a.o(.ARM.Collect$$$$0000000F)
    Reset_Handler                            0x080c01c1   Thumb Code     8  startup_stm32f429_439xx.o(.text)
    ADC_IRQHandler                           0x080c01db   Thumb Code     0  startup_stm32f429_439xx.o(.text)
    CAN1_RX0_IRQHandler                      0x080c01db   Thumb Code     0  startup_stm32f429_439xx.o(.text)
    CAN1_RX1_IRQHandler                      0x080c01db   Thumb Code     0  startup_stm32f429_439xx.o(.text)
    CAN1_SCE_IRQHandler                      0x080c01db   Thumb Code     0  startup_stm32f429_439xx.o(.text)
    CAN1_TX_IRQHandler                       0x080c01db   Thumb Code     0  startup_stm32f429_439xx.o(.text)
    CAN2_RX0_IRQHandler                      0x080c01db   Thumb Code     0  startup_stm32f429_439xx.o(.text)
    CAN2_RX1_IRQHandler                      0x080c01db   Thumb Code     0  startup_stm32f429_439xx.o(.text)
    CAN2_SCE_IRQHandler                      0x080c01db   Thumb Code     0  startup_stm32f429_439xx.o(.text)
    CAN2_TX_IRQHandler                       0x080c01db   Thumb Code     0  startup_stm32f429_439xx.o(.text)
    CRYP_IRQHandler                          0x080c01db   Thumb Code     0  startup_stm32f429_439xx.o(.text)
    DCMI_IRQHandler                          0x080c01db   Thumb Code     0  startup_stm32f429_439xx.o(.text)
    DMA1_Stream0_IRQHandler                  0x080c01db   Thumb Code     0  startup_stm32f429_439xx.o(.text)
    DMA1_Stream1_IRQHandler                  0x080c01db   Thumb Code     0  startup_stm32f429_439xx.o(.text)
    DMA1_Stream2_IRQHandler                  0x080c01db   Thumb Code     0  startup_stm32f429_439xx.o(.text)
    DMA1_Stream3_IRQHandler                  0x080c01db   Thumb Code     0  startup_stm32f429_439xx.o(.text)
    DMA1_Stream4_IRQHandler                  0x080c01db   Thumb Code     0  startup_stm32f429_439xx.o(.text)
    DMA1_Stream5_IRQHandler                  0x080c01db   Thumb Code     0  startup_stm32f429_439xx.o(.text)
    DMA1_Stream6_IRQHandler                  0x080c01db   Thumb Code     0  startup_stm32f429_439xx.o(.text)
    DMA1_Stream7_IRQHandler                  0x080c01db   Thumb Code     0  startup_stm32f429_439xx.o(.text)
    DMA2D_IRQHandler                         0x080c01db   Thumb Code     0  startup_stm32f429_439xx.o(.text)
    DMA2_Stream0_IRQHandler                  0x080c01db   Thumb Code     0  startup_stm32f429_439xx.o(.text)
    DMA2_Stream1_IRQHandler                  0x080c01db   Thumb Code     0  startup_stm32f429_439xx.o(.text)
    DMA2_Stream2_IRQHandler                  0x080c01db   Thumb Code     0  startup_stm32f429_439xx.o(.text)
    DMA2_Stream3_IRQHandler                  0x080c01db   Thumb Code     0  startup_stm32f429_439xx.o(.text)
    DMA2_Stream4_IRQHandler                  0x080c01db   Thumb Code     0  startup_stm32f429_439xx.o(.text)
    DMA2_Stream5_IRQHandler                  0x080c01db   Thumb Code     0  startup_stm32f429_439xx.o(.text)
    DMA2_Stream6_IRQHandler                  0x080c01db   Thumb Code     0  startup_stm32f429_439xx.o(.text)
    DMA2_Stream7_IRQHandler                  0x080c01db   Thumb Code     0  startup_stm32f429_439xx.o(.text)
    ETH_IRQHandler                           0x080c01db   Thumb Code     0  startup_stm32f429_439xx.o(.text)
    ETH_WKUP_IRQHandler                      0x080c01db   Thumb Code     0  startup_stm32f429_439xx.o(.text)
    EXTI0_IRQHandler                         0x080c01db   Thumb Code     0  startup_stm32f429_439xx.o(.text)
    EXTI15_10_IRQHandler                     0x080c01db   Thumb Code     0  startup_stm32f429_439xx.o(.text)
    EXTI1_IRQHandler                         0x080c01db   Thumb Code     0  startup_stm32f429_439xx.o(.text)
    EXTI2_IRQHandler                         0x080c01db   Thumb Code     0  startup_stm32f429_439xx.o(.text)
    EXTI3_IRQHandler                         0x080c01db   Thumb Code     0  startup_stm32f429_439xx.o(.text)
    EXTI4_IRQHandler                         0x080c01db   Thumb Code     0  startup_stm32f429_439xx.o(.text)
    EXTI9_5_IRQHandler                       0x080c01db   Thumb Code     0  startup_stm32f429_439xx.o(.text)
    FLASH_IRQHandler                         0x080c01db   Thumb Code     0  startup_stm32f429_439xx.o(.text)
    FMC_IRQHandler                           0x080c01db   Thumb Code     0  startup_stm32f429_439xx.o(.text)
    FPU_IRQHandler                           0x080c01db   Thumb Code     0  startup_stm32f429_439xx.o(.text)
    HASH_RNG_IRQHandler                      0x080c01db   Thumb Code     0  startup_stm32f429_439xx.o(.text)
    I2C1_ER_IRQHandler                       0x080c01db   Thumb Code     0  startup_stm32f429_439xx.o(.text)
    I2C1_EV_IRQHandler                       0x080c01db   Thumb Code     0  startup_stm32f429_439xx.o(.text)
    I2C2_ER_IRQHandler                       0x080c01db   Thumb Code     0  startup_stm32f429_439xx.o(.text)
    I2C2_EV_IRQHandler                       0x080c01db   Thumb Code     0  startup_stm32f429_439xx.o(.text)
    I2C3_ER_IRQHandler                       0x080c01db   Thumb Code     0  startup_stm32f429_439xx.o(.text)
    I2C3_EV_IRQHandler                       0x080c01db   Thumb Code     0  startup_stm32f429_439xx.o(.text)
    LTDC_ER_IRQHandler                       0x080c01db   Thumb Code     0  startup_stm32f429_439xx.o(.text)
    LTDC_IRQHandler                          0x080c01db   Thumb Code     0  startup_stm32f429_439xx.o(.text)
    OTG_FS_WKUP_IRQHandler                   0x080c01db   Thumb Code     0  startup_stm32f429_439xx.o(.text)
    OTG_HS_WKUP_IRQHandler                   0x080c01db   Thumb Code     0  startup_stm32f429_439xx.o(.text)
    PVD_IRQHandler                           0x080c01db   Thumb Code     0  startup_stm32f429_439xx.o(.text)
    RCC_IRQHandler                           0x080c01db   Thumb Code     0  startup_stm32f429_439xx.o(.text)
    RTC_Alarm_IRQHandler                     0x080c01db   Thumb Code     0  startup_stm32f429_439xx.o(.text)
    RTC_WKUP_IRQHandler                      0x080c01db   Thumb Code     0  startup_stm32f429_439xx.o(.text)
    SAI1_IRQHandler                          0x080c01db   Thumb Code     0  startup_stm32f429_439xx.o(.text)
    SDIO_IRQHandler                          0x080c01db   Thumb Code     0  startup_stm32f429_439xx.o(.text)
    SPI1_IRQHandler                          0x080c01db   Thumb Code     0  startup_stm32f429_439xx.o(.text)
    SPI2_IRQHandler                          0x080c01db   Thumb Code     0  startup_stm32f429_439xx.o(.text)
    SPI3_IRQHandler                          0x080c01db   Thumb Code     0  startup_stm32f429_439xx.o(.text)
    SPI4_IRQHandler                          0x080c01db   Thumb Code     0  startup_stm32f429_439xx.o(.text)
    SPI5_IRQHandler                          0x080c01db   Thumb Code     0  startup_stm32f429_439xx.o(.text)
    SPI6_IRQHandler                          0x080c01db   Thumb Code     0  startup_stm32f429_439xx.o(.text)
    TAMP_STAMP_IRQHandler                    0x080c01db   Thumb Code     0  startup_stm32f429_439xx.o(.text)
    TIM1_BRK_TIM9_IRQHandler                 0x080c01db   Thumb Code     0  startup_stm32f429_439xx.o(.text)
    TIM1_CC_IRQHandler                       0x080c01db   Thumb Code     0  startup_stm32f429_439xx.o(.text)
    TIM1_TRG_COM_TIM11_IRQHandler            0x080c01db   Thumb Code     0  startup_stm32f429_439xx.o(.text)
    TIM1_UP_TIM10_IRQHandler                 0x080c01db   Thumb Code     0  startup_stm32f429_439xx.o(.text)
    TIM2_IRQHandler                          0x080c01db   Thumb Code     0  startup_stm32f429_439xx.o(.text)
    TIM3_IRQHandler                          0x080c01db   Thumb Code     0  startup_stm32f429_439xx.o(.text)
    TIM4_IRQHandler                          0x080c01db   Thumb Code     0  startup_stm32f429_439xx.o(.text)
    TIM5_IRQHandler                          0x080c01db   Thumb Code     0  startup_stm32f429_439xx.o(.text)
    TIM7_IRQHandler                          0x080c01db   Thumb Code     0  startup_stm32f429_439xx.o(.text)
    TIM8_BRK_TIM12_IRQHandler                0x080c01db   Thumb Code     0  startup_stm32f429_439xx.o(.text)
    TIM8_CC_IRQHandler                       0x080c01db   Thumb Code     0  startup_stm32f429_439xx.o(.text)
    TIM8_TRG_COM_TIM14_IRQHandler            0x080c01db   Thumb Code     0  startup_stm32f429_439xx.o(.text)
    TIM8_UP_TIM13_IRQHandler                 0x080c01db   Thumb Code     0  startup_stm32f429_439xx.o(.text)
    UART4_IRQHandler                         0x080c01db   Thumb Code     0  startup_stm32f429_439xx.o(.text)
    UART5_IRQHandler                         0x080c01db   Thumb Code     0  startup_stm32f429_439xx.o(.text)
    UART7_IRQHandler                         0x080c01db   Thumb Code     0  startup_stm32f429_439xx.o(.text)
    UART8_IRQHandler                         0x080c01db   Thumb Code     0  startup_stm32f429_439xx.o(.text)
    USART2_IRQHandler                        0x080c01db   Thumb Code     0  startup_stm32f429_439xx.o(.text)
    USART3_IRQHandler                        0x080c01db   Thumb Code     0  startup_stm32f429_439xx.o(.text)
    USART6_IRQHandler                        0x080c01db   Thumb Code     0  startup_stm32f429_439xx.o(.text)
    WWDG_IRQHandler                          0x080c01db   Thumb Code     0  startup_stm32f429_439xx.o(.text)
    strcpy                                   0x080c01e5   Thumb Code    18  strcpy.o(.text)
    __aeabi_dadd                             0x080c01f7   Thumb Code   322  dadd.o(.text)
    __aeabi_dsub                             0x080c0339   Thumb Code     6  dadd.o(.text)
    __aeabi_drsub                            0x080c033f   Thumb Code     6  dadd.o(.text)
    __aeabi_dmul                             0x080c0345   Thumb Code   228  dmul.o(.text)
    __aeabi_ddiv                             0x080c0429   Thumb Code   222  ddiv.o(.text)
    __aeabi_ui2d                             0x080c0507   Thumb Code    26  dfltui.o(.text)
    __aeabi_d2iz                             0x080c0521   Thumb Code    62  dfixi.o(.text)
    __aeabi_d2uiz                            0x080c055f   Thumb Code    50  dfixui.o(.text)
    __aeabi_f2d                              0x080c0591   Thumb Code    38  f2d.o(.text)
    __aeabi_uidiv                            0x080c05b7   Thumb Code     0  uidiv.o(.text)
    __aeabi_uidivmod                         0x080c05b7   Thumb Code    44  uidiv.o(.text)
    __aeabi_uldivmod                         0x080c05e3   Thumb Code    98  uldiv.o(.text)
    __aeabi_llsl                             0x080c0645   Thumb Code    30  llshl.o(.text)
    _ll_shift_l                              0x080c0645   Thumb Code     0  llshl.o(.text)
    __aeabi_llsr                             0x080c0663   Thumb Code    32  llushr.o(.text)
    _ll_ushift_r                             0x080c0663   Thumb Code     0  llushr.o(.text)
    __aeabi_lasr                             0x080c0683   Thumb Code    36  llsshr.o(.text)
    _ll_sshift_r                             0x080c0683   Thumb Code     0  llsshr.o(.text)
    __I$use$fp                               0x080c06a7   Thumb Code     0  iusefp.o(.text)
    _double_round                            0x080c06a7   Thumb Code    30  depilogue.o(.text)
    _double_epilogue                         0x080c06c5   Thumb Code   156  depilogue.o(.text)
    __aeabi_d2ulz                            0x080c0761   Thumb Code    48  dfixul.o(.text)
    __aeabi_cdrcmple                         0x080c0791   Thumb Code    48  cdrcmple.o(.text)
    __scatterload                            0x080c07c1   Thumb Code    28  init.o(.text)
    __scatterload_rt2                        0x080c07c1   Thumb Code     0  init.o(.text)
    __decompress                             0x080c07e5   Thumb Code     0  __dczerorl2.o(.text)
    __decompress1                            0x080c07e5   Thumb Code    86  __dczerorl2.o(.text)
    Beep_GPIO_Config                         0x080c083d   Thumb Code    38  bsp_beep.o(i.Beep_GPIO_Config)
    BusFault_Handler                         0x080c0869   Thumb Code     2  stm32f4xx_it.o(i.BusFault_Handler)
    CH376ByteRead                            0x080c086b   Thumb Code    78  filesys.o(i.CH376ByteRead)
    CH376DiskConnect                         0x080c08b9   Thumb Code    22  filesys.o(i.CH376DiskConnect)
    CH376DiskMount                           0x080c08cf   Thumb Code     6  filesys.o(i.CH376DiskMount)
    CH376FileClose                           0x080c08d5   Thumb Code     8  filesys.o(i.CH376FileClose)
    CH376FileOpen                            0x080c08dd   Thumb Code    36  filesys.o(i.CH376FileOpen)
    CH376FileOpenDir                         0x080c0901   Thumb Code    76  filesys.o(i.CH376FileOpenDir)
    CH376FileOpenPath                        0x080c094d   Thumb Code     6  filesys.o(i.CH376FileOpenPath)
    CH376GetFileSize                         0x080c0953   Thumb Code     6  filesys.o(i.CH376GetFileSize)
    CH376GetIntStatus                        0x080c0959   Thumb Code    28  filesys.o(i.CH376GetIntStatus)
    CH376Read32bitDat                        0x080c0975   Thumb Code    48  filesys.o(i.CH376Read32bitDat)
    CH376ReadBlock                           0x080c09a5   Thumb Code    44  filesys.o(i.CH376ReadBlock)
    CH376ReadVar32                           0x080c09d1   Thumb Code    24  filesys.o(i.CH376ReadVar32)
    CH376ReadVar8                            0x080c09e9   Thumb Code    30  filesys.o(i.CH376ReadVar8)
    CH376SendCmdDatWaitInt                   0x080c0a07   Thumb Code    26  filesys.o(i.CH376SendCmdDatWaitInt)
    CH376SendCmdWaitInt                      0x080c0a21   Thumb Code    18  filesys.o(i.CH376SendCmdWaitInt)
    CH376SetFileName                         0x080c0a33   Thumb Code   142  filesys.o(i.CH376SetFileName)
    CH376WriteVar32                          0x080c0ac1   Thumb Code    54  filesys.o(i.CH376WriteVar32)
    CH376_GPIO_Init                          0x080c0af9   Thumb Code   222  ch376.o(i.CH376_GPIO_Init)
    DCD_EP_Close                             0x080c0be5   Thumb Code    44  usb_dcd.o(i.DCD_EP_Close)
    DCD_EP_ClrStall                          0x080c0c11   Thumb Code    56  usb_dcd.o(i.DCD_EP_ClrStall)
    DCD_EP_Flush                             0x080c0c49   Thumb Code    24  usb_dcd.o(i.DCD_EP_Flush)
    DCD_EP_Open                              0x080c0c61   Thumb Code    60  usb_dcd.o(i.DCD_EP_Open)
    DCD_EP_PrepareRx                         0x080c0c9d   Thumb Code    68  usb_dcd.o(i.DCD_EP_PrepareRx)
    DCD_EP_SetAddress                        0x080c0ce1   Thumb Code    16  usb_dcd.o(i.DCD_EP_SetAddress)
    DCD_EP_Stall                             0x080c0cf1   Thumb Code    56  usb_dcd.o(i.DCD_EP_Stall)
    DCD_EP_Tx                                0x080c0d29   Thumb Code    62  usb_dcd.o(i.DCD_EP_Tx)
    DCD_Init                                 0x080c105d   Thumb Code   146  usb_dcd.o(i.DCD_Init)
    DMA2D_DeInit                             0x080c1179   Thumb Code    24  stm32f4xx_dma2d.o(i.DMA2D_DeInit)
    DMA2D_GetFlagStatus                      0x080c1191   Thumb Code    16  stm32f4xx_dma2d.o(i.DMA2D_GetFlagStatus)
    DMA2D_Init                               0x080c11a5   Thumb Code   170  stm32f4xx_dma2d.o(i.DMA2D_Init)
    DMA2D_StartTransfer                      0x080c1259   Thumb Code    12  stm32f4xx_dma2d.o(i.DMA2D_StartTransfer)
    DebugMon_Handler                         0x080c1269   Thumb Code     2  stm32f4xx_it.o(i.DebugMon_Handler)
    Delay                                    0x080c126b   Thumb Code    16  main.o(i.Delay)
    DrawLogo                                 0x080c127d   Thumb Code  7154  power_on.o(i.DrawLogo)
    DrawPowOff                               0x080c2e71   Thumb Code   308  bsp_lcd.o(i.DrawPowOff)
    DrawUdisk1                               0x080c2fc5   Thumb Code   184  bsp_lcd.o(i.DrawUdisk1)
    DrawUdisk2                               0x080c307d   Thumb Code   178  bsp_lcd.o(i.DrawUdisk2)
    FLASH_ClearFlag                          0x080c3131   Thumb Code     6  stm32f4xx_flash.o(i.FLASH_ClearFlag)
    FLASH_EraseSector                        0x080c313d   Thumb Code   104  stm32f4xx_flash.o(i.FLASH_EraseSector)
    FLASH_GetStatus                          0x080c31a9   Thumb Code    56  stm32f4xx_flash.o(i.FLASH_GetStatus)
    FLASH_If_Erase                           0x080c31e5   Thumb Code    96  flash_if.o(i.FLASH_If_Erase)
    FLASH_If_Write                           0x080c3249   Thumb Code    76  flash_if.o(i.FLASH_If_Write)
    FLASH_ProgramWord                        0x080c3299   Thumb Code    56  stm32f4xx_flash.o(i.FLASH_ProgramWord)
    FLASH_Unlock                             0x080c32d5   Thumb Code    22  stm32f4xx_flash.o(i.FLASH_Unlock)
    FLASH_WaitForLastOperation               0x080c32f9   Thumb Code    30  stm32f4xx_flash.o(i.FLASH_WaitForLastOperation)
    FMC_GetFlagStatus                        0x080c3317   Thumb Code    54  stm32f4xx_fmc.o(i.FMC_GetFlagStatus)
    FMC_SDRAMCmdConfig                       0x080c334d   Thumb Code    34  stm32f4xx_fmc.o(i.FMC_SDRAMCmdConfig)
    FMC_SDRAMInit                            0x080c3371   Thumb Code   282  stm32f4xx_fmc.o(i.FMC_SDRAMInit)
    FMC_SetRefreshCount                      0x080c3491   Thumb Code    18  stm32f4xx_fmc.o(i.FMC_SetRefreshCount)
    File_IAP                                 0x080c34a5   Thumb Code   292  main.o(i.File_IAP)
    GPIO_Init                                0x080c3639   Thumb Code   120  stm32f4xx_gpio.o(i.GPIO_Init)
    GPIO_PinAFConfig                         0x080c36b1   Thumb Code    32  stm32f4xx_gpio.o(i.GPIO_PinAFConfig)
    GPIO_ReadInputDataBit                    0x080c36d1   Thumb Code    14  stm32f4xx_gpio.o(i.GPIO_ReadInputDataBit)
    GPIO_ResetBits                           0x080c36df   Thumb Code     4  stm32f4xx_gpio.o(i.GPIO_ResetBits)
    GPIO_SetBits                             0x080c36e3   Thumb Code     4  stm32f4xx_gpio.o(i.GPIO_SetBits)
    HardFault_Handler                        0x080c36e9   Thumb Code    18  stm32f4xx_it.o(i.HardFault_Handler)
    IAP_Flash_Write                          0x080c3705   Thumb Code    12  flash_if.o(i.IAP_Flash_Write)
    IAP_Start                                0x080c3711   Thumb Code    22  flash_if.o(i.IAP_Start)
    Init_CH376                               0x080c3729   Thumb Code    98  ch376.o(i.Init_CH376)
    Key_Delay                                0x080c3795   Thumb Code    16  bsp_key.o(i.Key_Delay)
    Key_GPIO_Config                          0x080c37a5   Thumb Code   120  bsp_key.o(i.Key_GPIO_Config)
    Key_Scan                                 0x080c3829   Thumb Code  1412  bsp_key.o(i.Key_Scan)
    LCD_Clear                                0x080c3db1   Thumb Code    84  bsp_lcd.o(i.LCD_Clear)
    LCD_DisplayChar_48                       0x080c3e09   Thumb Code    38  bsp_lcd.o(i.LCD_DisplayChar_48)
    LCD_DisplayChinese                       0x080c3e35   Thumb Code    68  bsp_lcd.o(i.LCD_DisplayChinese)
    LCD_DisplayStringLine                    0x080c3e7d   Thumb Code    96  bsp_lcd.o(i.LCD_DisplayStringLine)
    LCD_DrawChar                             0x080c3ee9   Thumb Code   116  bsp_lcd.o(i.LCD_DrawChar)
    LCD_DrawChinese                          0x080c3f61   Thumb Code   114  bsp_lcd.o(i.LCD_DrawChinese)
    LCD_DrawCircle                           0x080c3fd9   Thumb Code   152  bsp_lcd.o(i.LCD_DrawCircle)
    LCD_DrawFullRect                         0x080c4075   Thumb Code   100  bsp_lcd.o(i.LCD_DrawFullRect)
    LCD_DrawLine                             0x080c40dd   Thumb Code   122  bsp_lcd.o(i.LCD_DrawLine)
    LCD_DrawUniLine                          0x080c415d   Thumb Code   180  bsp_lcd.o(i.LCD_DrawUniLine)
    LCD_Init                                 0x080c44c5   Thumb Code   136  bsp_lcd.o(i.LCD_Init)
    LCD_LayerInit                            0x080c454d   Thumb Code   132  bsp_lcd.o(i.LCD_LayerInit)
    LCD_SetColors                            0x080c45e1   Thumb Code     8  bsp_lcd.o(i.LCD_SetColors)
    LCD_SetLayer                             0x080c45ed   Thumb Code    24  bsp_lcd.o(i.LCD_SetLayer)
    LTDC_Cmd                                 0x080c460d   Thumb Code    22  stm32f4xx_ltdc.o(i.LTDC_Cmd)
    LTDC_Init                                0x080c4629   Thumb Code   156  stm32f4xx_ltdc.o(i.LTDC_Init)
    LTDC_LayerCmd                            0x080c46d1   Thumb Code    20  stm32f4xx_ltdc.o(i.LTDC_LayerCmd)
    LTDC_LayerInit                           0x080c46e5   Thumb Code   150  stm32f4xx_ltdc.o(i.LTDC_LayerInit)
    LTDC_ReloadConfig                        0x080c477d   Thumb Code     6  stm32f4xx_ltdc.o(i.LTDC_ReloadConfig)
    MemManage_Handler                        0x080c4789   Thumb Code     2  stm32f4xx_it.o(i.MemManage_Handler)
    NMI_Handler                              0x080c478b   Thumb Code     2  stm32f4xx_it.o(i.NMI_Handler)
    NVIC_Init                                0x080c478d   Thumb Code    96  misc.o(i.NVIC_Init)
    NVIC_PriorityGroupConfig                 0x080c47f1   Thumb Code    10  misc.o(i.NVIC_PriorityGroupConfig)
    NVIC_SetVectorTable                      0x080c4805   Thumb Code    12  misc.o(i.NVIC_SetVectorTable)
    OTG_FS_IRQHandler                        0x080c4819   Thumb Code     6  stm32f4xx_it.o(i.OTG_FS_IRQHandler)
    OTG_HS_EP1_IN_IRQHandler                 0x080c4825   Thumb Code     6  usb_bsp.o(i.OTG_HS_EP1_IN_IRQHandler)
    OTG_HS_EP1_OUT_IRQHandler                0x080c4831   Thumb Code     6  usb_bsp.o(i.OTG_HS_EP1_OUT_IRQHandler)
    OTG_HS_IRQHandler                        0x080c483d   Thumb Code     6  usb_bsp.o(i.OTG_HS_IRQHandler)
    PendSV_Handler                           0x080c4849   Thumb Code     2  stm32f4xx_it.o(i.PendSV_Handler)
    PowerOffHandle                           0x080c484d   Thumb Code    10  main.o(i.PowerOffHandle)
    PutPixel                                 0x080c485d   Thumb Code    44  bsp_lcd.o(i.PutPixel)
    Query376Interrupt                        0x080c488d   Thumb Code    20  ch376.o(i.Query376Interrupt)
    RCC_AHB1PeriphClockCmd                   0x080c48a5   Thumb Code    18  stm32f4xx_rcc.o(i.RCC_AHB1PeriphClockCmd)
    RCC_AHB1PeriphResetCmd                   0x080c48bd   Thumb Code    18  stm32f4xx_rcc.o(i.RCC_AHB1PeriphResetCmd)
    RCC_AHB3PeriphClockCmd                   0x080c48d5   Thumb Code    18  stm32f4xx_rcc.o(i.RCC_AHB3PeriphClockCmd)
    RCC_APB1PeriphClockCmd                   0x080c48ed   Thumb Code    18  stm32f4xx_rcc.o(i.RCC_APB1PeriphClockCmd)
    RCC_APB2PeriphClockCmd                   0x080c4905   Thumb Code    18  stm32f4xx_rcc.o(i.RCC_APB2PeriphClockCmd)
    RCC_GetFlagStatus                        0x080c491d   Thumb Code    46  stm32f4xx_rcc.o(i.RCC_GetFlagStatus)
    RCC_LTDCCLKDivConfig                     0x080c4951   Thumb Code    14  stm32f4xx_rcc.o(i.RCC_LTDCCLKDivConfig)
    RCC_PLLSAICmd                            0x080c4965   Thumb Code     6  stm32f4xx_rcc.o(i.RCC_PLLSAICmd)
    RCC_PLLSAIConfig                         0x080c4971   Thumb Code    16  stm32f4xx_rcc.o(i.RCC_PLLSAIConfig)
    SDRAM_Init                               0x080c4d0d   Thumb Code    94  bsp_sdram.o(i.SDRAM_Init)
    SPI_Cmd                                  0x080c4e21   Thumb Code    20  stm32f4xx_spi.o(i.SPI_Cmd)
    SPI_I2S_GetFlagStatus                    0x080c4e35   Thumb Code    14  stm32f4xx_spi.o(i.SPI_I2S_GetFlagStatus)
    SPI_I2S_ReceiveData                      0x080c4e43   Thumb Code     4  stm32f4xx_spi.o(i.SPI_I2S_ReceiveData)
    SPI_I2S_SendData                         0x080c4e47   Thumb Code     4  stm32f4xx_spi.o(i.SPI_I2S_SendData)
    SPI_Init                                 0x080c4e4b   Thumb Code    56  stm32f4xx_spi.o(i.SPI_Init)
    SPIx_ReadWriteByte                       0x080c4ec5   Thumb Code    90  ch376.o(i.SPIx_ReadWriteByte)
    SVC_Handler                              0x080c4f29   Thumb Code     2  stm32f4xx_it.o(i.SVC_Handler)
    SysTick_Handler                          0x080c4ffd   Thumb Code     2  stm32f4xx_it.o(i.SysTick_Handler)
    SysTick_Init                             0x080c5001   Thumb Code    46  bsp_systick.o(i.SysTick_Init)
    SystemInit                               0x080c5039   Thumb Code    74  system_stm32f4xx.o(i.SystemInit)
    TIM6_DAC_IRQHandler                      0x080c5095   Thumb Code    38  bsp_basic_tim.o(i.TIM6_DAC_IRQHandler)
    TIM8_PWMOUTPUT_Config                    0x080c50c1   Thumb Code   114  bsp_basic_tim.o(i.TIM8_PWMOUTPUT_Config)
    TIM_ClearFlag                            0x080c5139   Thumb Code     6  stm32f4xx_tim.o(i.TIM_ClearFlag)
    TIM_ClearITPendingBit                    0x080c513f   Thumb Code     6  stm32f4xx_tim.o(i.TIM_ClearITPendingBit)
    TIM_Cmd                                  0x080c5145   Thumb Code    20  stm32f4xx_tim.o(i.TIM_Cmd)
    TIM_GetITStatus                          0x080c5159   Thumb Code    24  stm32f4xx_tim.o(i.TIM_GetITStatus)
    TIM_ITConfig                             0x080c5171   Thumb Code    16  stm32f4xx_tim.o(i.TIM_ITConfig)
    TIM_OC1Init                              0x080c5181   Thumb Code    88  stm32f4xx_tim.o(i.TIM_OC1Init)
    TIM_OC1PreloadConfig                     0x080c51e1   Thumb Code    12  stm32f4xx_tim.o(i.TIM_OC1PreloadConfig)
    TIM_OC3Init                              0x080c51ed   Thumb Code   116  stm32f4xx_tim.o(i.TIM_OC3Init)
    TIM_PWMOUTPUT_Config                     0x080c5269   Thumb Code    94  bsp_basic_tim.o(i.TIM_PWMOUTPUT_Config)
    TIM_TimeBaseInit                         0x080c52cd   Thumb Code    96  stm32f4xx_tim.o(i.TIM_TimeBaseInit)
    TIMx_Configuration                       0x080c5349   Thumb Code   212  bsp_basic_tim.o(i.TIMx_Configuration)
    Touch_Scan                               0x080c542d   Thumb Code   276  touchscreen.o(i.Touch_Scan)
    USART1_IRQHandler                        0x080c5571   Thumb Code   154  stm32f4xx_it.o(i.USART1_IRQHandler)
    USART_ClearITPendingBit                  0x080c5619   Thumb Code    12  stm32f4xx_usart.o(i.USART_ClearITPendingBit)
    USART_GetFlagStatus                      0x080c5625   Thumb Code    14  stm32f4xx_usart.o(i.USART_GetFlagStatus)
    USART_GetITStatus                        0x080c5633   Thumb Code    62  stm32f4xx_usart.o(i.USART_GetITStatus)
    USART_ReceiveData                        0x080c5671   Thumb Code     8  stm32f4xx_usart.o(i.USART_ReceiveData)
    USART_SendData                           0x080c5679   Thumb Code     8  stm32f4xx_usart.o(i.USART_SendData)
    USBD_ClrCfg                              0x080c5681   Thumb Code    14  usbd_core.o(i.USBD_ClrCfg)
    USBD_CtlContinueRx                       0x080c568f   Thumb Code    18  usbd_ioreq.o(i.USBD_CtlContinueRx)
    USBD_CtlContinueSendData                 0x080c56a1   Thumb Code    18  usbd_ioreq.o(i.USBD_CtlContinueSendData)
    USBD_CtlError                            0x080c56b3   Thumb Code    28  usbd_req.o(i.USBD_CtlError)
    USBD_CtlReceiveStatus                    0x080c56cf   Thumb Code    34  usbd_ioreq.o(i.USBD_CtlReceiveStatus)
    USBD_CtlSendData                         0x080c56f1   Thumb Code    32  usbd_ioreq.o(i.USBD_CtlSendData)
    USBD_CtlSendStatus                       0x080c5711   Thumb Code    34  usbd_ioreq.o(i.USBD_CtlSendStatus)
    USBD_GetString                           0x080c59b5   Thumb Code    70  usbd_req.o(i.USBD_GetString)
    USBD_HID_DataOut                         0x080c5a09   Thumb Code    10  usbd_hid_core.o(i.USBD_HID_DataOut)
    USBD_Init                                0x080c5b01   Thumb Code    52  usbd_core.o(i.USBD_Init)
    USBD_OTG_EP1IN_ISR_Handler               0x080c5b51   Thumb Code   116  usb_dcd_int.o(i.USBD_OTG_EP1IN_ISR_Handler)
    USBD_OTG_EP1OUT_ISR_Handler              0x080c5bc9   Thumb Code    74  usb_dcd_int.o(i.USBD_OTG_EP1OUT_ISR_Handler)
    USBD_OTG_ISR_Handler                     0x080c5c19   Thumb Code   370  usb_dcd_int.o(i.USBD_OTG_ISR_Handler)
    USBD_ParseSetupRequest                   0x080c5d91   Thumb Code    68  usbd_req.o(i.USBD_ParseSetupRequest)
    USBD_SetCfg                              0x080c5e29   Thumb Code    26  usbd_core.o(i.USBD_SetCfg)
    USBD_StdDevReq                           0x080c5f7d   Thumb Code   236  usbd_req.o(i.USBD_StdDevReq)
    USBD_StdEPReq                            0x080c606d   Thumb Code   208  usbd_req.o(i.USBD_StdEPReq)
    USBD_StdItfReq                           0x080c6141   Thumb Code    54  usbd_req.o(i.USBD_StdItfReq)
    USBD_USR_ConfigStrDescriptor             0x080c6195   Thumb Code    16  usbd_desc.o(i.USBD_USR_ConfigStrDescriptor)
    USBD_USR_DeviceConfigured                0x080c61b5   Thumb Code     2  usbd_usr.o(i.USBD_USR_DeviceConfigured)
    USBD_USR_DeviceConnected                 0x080c61b7   Thumb Code     2  usbd_usr.o(i.USBD_USR_DeviceConnected)
    USBD_USR_DeviceDescriptor                0x080c61b9   Thumb Code     8  usbd_desc.o(i.USBD_USR_DeviceDescriptor)
    USBD_USR_DeviceDisconnected              0x080c61c5   Thumb Code     2  usbd_usr.o(i.USBD_USR_DeviceDisconnected)
    USBD_USR_DeviceReset                     0x080c61c7   Thumb Code     2  usbd_usr.o(i.USBD_USR_DeviceReset)
    USBD_USR_DeviceResumed                   0x080c61c9   Thumb Code     2  usbd_usr.o(i.USBD_USR_DeviceResumed)
    USBD_USR_DeviceSuspended                 0x080c61cb   Thumb Code     2  usbd_usr.o(i.USBD_USR_DeviceSuspended)
    USBD_USR_Init                            0x080c61cd   Thumb Code    44  usbd_usr.o(i.USBD_USR_Init)
    USBD_USR_InterfaceStrDescriptor          0x080c6201   Thumb Code    16  usbd_desc.o(i.USBD_USR_InterfaceStrDescriptor)
    USBD_USR_LangIDStrDescriptor             0x080c6225   Thumb Code     8  usbd_desc.o(i.USBD_USR_LangIDStrDescriptor)
    USBD_USR_ManufacturerStrDescriptor       0x080c6231   Thumb Code    16  usbd_desc.o(i.USBD_USR_ManufacturerStrDescriptor)
    USBD_USR_ProductStrDescriptor            0x080c6259   Thumb Code    22  usbd_desc.o(i.USBD_USR_ProductStrDescriptor)
    USBD_USR_SerialStrDescriptor             0x080c62a5   Thumb Code    22  usbd_desc.o(i.USBD_USR_SerialStrDescriptor)
    USB_OTG_BSP_EnableInterrupt              0x080c62e1   Thumb Code   104  usb_bsp.o(i.USB_OTG_BSP_EnableInterrupt)
    USB_OTG_BSP_Init                         0x080c6349   Thumb Code   106  usb_bsp.o(i.USB_OTG_BSP_Init)
    USB_OTG_BSP_mDelay                       0x080c63b9   Thumb Code    10  usb_bsp.o(i.USB_OTG_BSP_mDelay)
    USB_OTG_BSP_uDelay                       0x080c63c3   Thumb Code    30  usb_bsp.o(i.USB_OTG_BSP_uDelay)
    USB_OTG_CoreInit                         0x080c63e1   Thumb Code   128  usb_core.o(i.USB_OTG_CoreInit)
    USB_OTG_CoreInitDev                      0x080c6461   Thumb Code   358  usb_core.o(i.USB_OTG_CoreInitDev)
    USB_OTG_DisableGlobalInt                 0x080c6621   Thumb Code    16  usb_core.o(i.USB_OTG_DisableGlobalInt)
    USB_OTG_EP0Activate                      0x080c6631   Thumb Code    58  usb_core.o(i.USB_OTG_EP0Activate)
    USB_OTG_EP0StartXfer                     0x080c666b   Thumb Code   184  usb_core.o(i.USB_OTG_EP0StartXfer)
    USB_OTG_EP0_OutStart                     0x080c6725   Thumb Code    32  usb_core.o(i.USB_OTG_EP0_OutStart)
    USB_OTG_EPActivate                       0x080c6749   Thumb Code   104  usb_core.o(i.USB_OTG_EPActivate)
    USB_OTG_EPClearStall                     0x080c67b1   Thumb Code    50  usb_core.o(i.USB_OTG_EPClearStall)
    USB_OTG_EPDeactivate                     0x080c67e3   Thumb Code    78  usb_core.o(i.USB_OTG_EPDeactivate)
    USB_OTG_EPSetStall                       0x080c6831   Thumb Code    48  usb_core.o(i.USB_OTG_EPSetStall)
    USB_OTG_EPStartXfer                      0x080c6861   Thumb Code   298  usb_core.o(i.USB_OTG_EPStartXfer)
    USB_OTG_EnableDevInt                     0x080c698d   Thumb Code    74  usb_core.o(i.USB_OTG_EnableDevInt)
    USB_OTG_EnableGlobalInt                  0x080c69dd   Thumb Code    16  usb_core.o(i.USB_OTG_EnableGlobalInt)
    USB_OTG_FlushRxFifo                      0x080c69ed   Thumb Code    54  usb_core.o(i.USB_OTG_FlushRxFifo)
    USB_OTG_FlushTxFifo                      0x080c6a29   Thumb Code    62  usb_core.o(i.USB_OTG_FlushTxFifo)
    USB_OTG_GetDeviceSpeed                   0x080c6a6d   Thumb Code    38  usb_core.o(i.USB_OTG_GetDeviceSpeed)
    USB_OTG_InitDevSpeed                     0x080c6a93   Thumb Code    12  usb_core.o(i.USB_OTG_InitDevSpeed)
    USB_OTG_IsDeviceMode                     0x080c6a9f   Thumb Code    18  usb_core.o(i.USB_OTG_IsDeviceMode)
    USB_OTG_ReadCoreItr                      0x080c6ab1   Thumb Code    10  usb_core.o(i.USB_OTG_ReadCoreItr)
    USB_OTG_ReadDevAllInEPItr                0x080c6abb   Thumb Code    12  usb_core.o(i.USB_OTG_ReadDevAllInEPItr)
    USB_OTG_ReadDevAllOutEp_itr              0x080c6ac7   Thumb Code    12  usb_core.o(i.USB_OTG_ReadDevAllOutEp_itr)
    USB_OTG_ReadDevOutEP_itr                 0x080c6ad3   Thumb Code    16  usb_core.o(i.USB_OTG_ReadDevOutEP_itr)
    USB_OTG_ReadPacket                       0x080c6ae3   Thumb Code    32  usb_core.o(i.USB_OTG_ReadPacket)
    USB_OTG_SelectCore                       0x080c6b05   Thumb Code   186  usb_core.o(i.USB_OTG_SelectCore)
    USB_OTG_SetCurrentMode                   0x080c6bc5   Thumb Code    42  usb_core.o(i.USB_OTG_SetCurrentMode)
    USB_OTG_WritePacket                      0x080c6bef   Thumb Code    40  usb_core.o(i.USB_OTG_WritePacket)
    UsageFault_Handler                       0x080c6c17   Thumb Code     2  stm32f4xx_it.o(i.UsageFault_Handler)
    Wait376Interrupt                         0x080c6c19   Thumb Code    30  filesys.o(i.Wait376Interrupt)
    __0printf                                0x080c6c3d   Thumb Code    22  printfa.o(i.__0printf)
    __1printf                                0x080c6c3d   Thumb Code     0  printfa.o(i.__0printf)
    __2printf                                0x080c6c3d   Thumb Code     0  printfa.o(i.__0printf)
    __c89printf                              0x080c6c3d   Thumb Code     0  printfa.o(i.__0printf)
    printf                                   0x080c6c3d   Thumb Code     0  printfa.o(i.__0printf)
    __0sprintf                               0x080c6c5d   Thumb Code    34  printfa.o(i.__0sprintf)
    __1sprintf                               0x080c6c5d   Thumb Code     0  printfa.o(i.__0sprintf)
    __2sprintf                               0x080c6c5d   Thumb Code     0  printfa.o(i.__0sprintf)
    __c89sprintf                             0x080c6c5d   Thumb Code     0  printfa.o(i.__0sprintf)
    sprintf                                  0x080c6c5d   Thumb Code     0  printfa.o(i.__0sprintf)
    __scatterload_copy                       0x080c6c85   Thumb Code    14  handlers.o(i.__scatterload_copy)
    __scatterload_null                       0x080c6c93   Thumb Code     2  handlers.o(i.__scatterload_null)
    __scatterload_zeroinit                   0x080c6c95   Thumb Code    14  handlers.o(i.__scatterload_zeroinit)
    fputc                                    0x080c7561   Thumb Code    30  bsp_debug_usart.o(i.fputc)
    main                                     0x080c7585   Thumb Code   178  main.o(i.main)
    udisk_scan                               0x080c7661   Thumb Code    66  main.o(i.udisk_scan)
    xEndCH376Cmd                             0x080c76ad   Thumb Code     8  ch376.o(i.xEndCH376Cmd)
    xReadCH376Data                           0x080c76b9   Thumb Code    18  ch376.o(i.xReadCH376Data)
    xWriteCH376Cmd                           0x080c76cd   Thumb Code    68  ch376.o(i.xWriteCH376Cmd)
    xWriteCH376Data                          0x080c7715   Thumb Code    16  ch376.o(i.xWriteCH376Data)
    ASCII16x24_Table                         0x080c7724   Data        4560  fonts.o(.constdata)
    Chinese24x24_Table                       0x080c88f4   Data       12580  fonts.o(.constdata)
    ASCII16x31_Table                         0x080cba18   Data       11780  fonts.o(.constdata)
    Region$$Table$$Base                      0x080ce81c   Number         0  anon$$obj.o(Region$$Table)
    Region$$Table$$Limit                     0x080ce83c   Number         0  anon$$obj.o(Region$$Table)
    SystemCoreClock                          0x20000000   Data           4  system_stm32f4xx.o(.data)
    AHBPrescTable                            0x20000004   Data          16  system_stm32f4xx.o(.data)
    usbstatus                                0x20000014   Data           1  main.o(.data)
    eqmtstatus                               0x2000001c   Data           1  main.o(.data)
    count                                    0x2000001e   Data           2  main.o(.data)
    crcwatch                                 0x20000028   Data           2  main.o(.data)
    readcrc                                  0x2000002a   Data           2  main.o(.data)
    watch                                    0x2000002c   Data           2  main.o(.data)
    ureadcrc                                 0x2000002e   Data           2  main.o(.data)
    sizecount                                0x20000030   Data           2  main.o(.data)
    crec                                     0x20000040   Data           4  main.o(.data)
    csend                                    0x20000044   Data           4  main.o(.data)
    ucrc                                     0x20000048   Data           4  main.o(.data)
    ReCount                                  0x2000004c   Data           1  stm32f4xx_it.o(.data)
    uartflag                                 0x20000050   Data           1  stm32f4xx_it.o(.data)
    Font16x24                                0x20000070   Data           8  fonts.o(.data)
    Font16x31                                0x20000078   Data           8  fonts.o(.data)
    Font24x24                                0x20000080   Data           8  fonts.o(.data)
    count_flag                               0x20000088   Data           1  bsp_key.o(.data)
    bit_flag                                 0x20000089   Data           1  bsp_key.o(.data)
    dot_flag                                 0x2000008a   Data           1  bsp_key.o(.data)
    neg_flag                                 0x2000008b   Data           1  bsp_key.o(.data)
    input_flag                               0x2000008c   Data           1  bsp_key.o(.data)
    tcflag                                   0x2000008d   Data           1  bsp_key.o(.data)
    key_value                                0x20000091   Data           1  bsp_key.o(.data)
    page_flag                                0x20000092   Data           1  bsp_key.o(.data)
    op_flag                                  0x20000093   Data           1  bsp_key.o(.data)
    ch_page                                  0x20000094   Data           1  bsp_key.o(.data)
    op_sw                                    0x20000095   Data           1  bsp_key.o(.data)
    spt_page                                 0x20000096   Data           1  bsp_key.o(.data)
    cor_page                                 0x20000097   Data           1  bsp_key.o(.data)
    date_page                                0x20000098   Data           1  bsp_key.o(.data)
    time_page                                0x20000099   Data           1  bsp_key.o(.data)
    keystat                                  0x2000009a   Data           1  bsp_key.o(.data)
    tcpage                                   0x2000009b   Data           1  bsp_key.o(.data)
    fileflag                                 0x2000009c   Data           1  bsp_key.o(.data)
    hpage                                    0x2000009e   Data           2  bsp_key.o(.data)
    date_time                                0x200000a4   Data           6  bsp_key.o(.data)
    brightness                               0x200000ae   Data           1  bsp_basic_tim.o(.data)
    Tick_10ms                                0x200000bc   Data           4  bsp_basic_tim.o(.data)
    OldTick                                  0x200000c4   Data           4  bsp_basic_tim.o(.data)
    touchflag                                0x200000ca   Data           1  touchscreen.o(.data)
    press                                    0x200000cb   Data           1  touchscreen.o(.data)
    Xconvert                                 0x200000cc   Data           2  touchscreen.o(.data)
    Yconvert                                 0x200000ce   Data           2  touchscreen.o(.data)
    XCOOR                                    0x200000d0   Data           2  touchscreen.o(.data)
    YCOOR                                    0x200000d2   Data           2  touchscreen.o(.data)
    ADC_ConvertedValue                       0x200000d4   Data           4  touchscreen.o(.data)
    USBD_DCD_INT_cb                          0x200000f4   Data          44  usbd_core.o(.data)
    USBD_DCD_INT_fops                        0x20000120   Data           4  usbd_core.o(.data)
    SET_TEST_MODE                            0x20000124   Data           4  usbd_core.o(.data)
    USBD_ep_status                           0x2000012c   Data           4  usbd_req.o(.data)
    USBD_default_cfg                         0x20000130   Data           4  usbd_req.o(.data)
    USBD_cfg_status                          0x20000134   Data           4  usbd_req.o(.data)
    USR_cb                                   0x20000138   Data          28  usbd_usr.o(.data)
    USBD_HID_cb                              0x20000154   Data          48  usbd_hid_core.o(.data)
    UsbHidReceiveComplete                    0x20000184   Data           1  usbd_hid_core.o(.data)
    USR_desc                                 0x200001e0   Data          28  usbd_desc.o(.data)
    USBD_LangIDDesc                          0x200001fc   Data           4  usbd_desc.o(.data)
    USBD_DeviceDesc                          0x20000200   Data          18  usbd_desc.o(.data)
    USBD_DeviceQualifierDesc                 0x20000212   Data          10  usbd_desc.o(.data)
    __stdout                                 0x2000021c   Data           4  stdout.o(.data)
    usbbuf                                   0x200003a0   Data          64  main.o(.bss)
    usbsendbuf                               0x200003e0   Data          64  main.o(.bss)
    savedata                                 0x20000420   Data          80  main.o(.bss)
    chcomp                                   0x20000470   Data          40  main.o(.bss)
    USB_OTG_dev                              0x20000498   Data        1524  main.o(.bss)
    ch_temp                                  0x20000a8c   Data         160  main.o(.bss)
    avg_data                                 0x20000b2c   Data          12  main.o(.bss)
    RecBuff                                  0x20001338   Data          39  stm32f4xx_it.o(.bss)
    USBD_StrDesc                             0x2000135f   Data         255  usbd_req.o(.bss)
    __initial_sp                             0x20001860   Data           0  startup_stm32f429_439xx.o(STACK)



==============================================================================

Memory Map of the image

  Image Entry point : 0x080c01ad

  Load Region LR_IROM1 (Base: 0x080c0000, Size: 0x0000ea5c, Max: 0x00040000, ABSOLUTE, COMPRESSED[0x0000e940])

    Execution Region ER_IROM1 (Exec base: 0x080c0000, Load base: 0x080c0000, Size: 0x0000e83c, Max: 0x00040000, ABSOLUTE)

    Exec Addr    Load Addr    Size         Type   Attr      Idx    E Section Name        Object

    0x080c0000   0x080c0000   0x000001ac   Data   RO            3    RESET               startup_stm32f429_439xx.o
    0x080c01ac   0x080c01ac   0x00000000   Code   RO         9038  * .ARM.Collect$$$$00000000  mc_w.l(entry.o)
    0x080c01ac   0x080c01ac   0x00000004   Code   RO         9360    .ARM.Collect$$$$00000001  mc_w.l(entry2.o)
    0x080c01b0   0x080c01b0   0x00000004   Code   RO         9363    .ARM.Collect$$$$00000004  mc_w.l(entry5.o)
    0x080c01b4   0x080c01b4   0x00000000   Code   RO         9365    .ARM.Collect$$$$00000008  mc_w.l(entry7b.o)
    0x080c01b4   0x080c01b4   0x00000000   Code   RO         9367    .ARM.Collect$$$$0000000A  mc_w.l(entry8b.o)
    0x080c01b4   0x080c01b4   0x00000008   Code   RO         9368    .ARM.Collect$$$$0000000B  mc_w.l(entry9a.o)
    0x080c01bc   0x080c01bc   0x00000000   Code   RO         9370    .ARM.Collect$$$$0000000D  mc_w.l(entry10a.o)
    0x080c01bc   0x080c01bc   0x00000000   Code   RO         9372    .ARM.Collect$$$$0000000F  mc_w.l(entry11a.o)
    0x080c01bc   0x080c01bc   0x00000004   Code   RO         9361    .ARM.Collect$$$$00002712  mc_w.l(entry2.o)
    0x080c01c0   0x080c01c0   0x00000024   Code   RO            4    .text               startup_stm32f429_439xx.o
    0x080c01e4   0x080c01e4   0x00000012   Code   RO         9051    .text               mc_w.l(strcpy.o)
    0x080c01f6   0x080c01f6   0x0000014e   Code   RO         9344    .text               mf_w.l(dadd.o)
    0x080c0344   0x080c0344   0x000000e4   Code   RO         9346    .text               mf_w.l(dmul.o)
    0x080c0428   0x080c0428   0x000000de   Code   RO         9348    .text               mf_w.l(ddiv.o)
    0x080c0506   0x080c0506   0x0000001a   Code   RO         9350    .text               mf_w.l(dfltui.o)
    0x080c0520   0x080c0520   0x0000003e   Code   RO         9352    .text               mf_w.l(dfixi.o)
    0x080c055e   0x080c055e   0x00000032   Code   RO         9354    .text               mf_w.l(dfixui.o)
    0x080c0590   0x080c0590   0x00000026   Code   RO         9356    .text               mf_w.l(f2d.o)
    0x080c05b6   0x080c05b6   0x0000002c   Code   RO         9375    .text               mc_w.l(uidiv.o)
    0x080c05e2   0x080c05e2   0x00000062   Code   RO         9377    .text               mc_w.l(uldiv.o)
    0x080c0644   0x080c0644   0x0000001e   Code   RO         9379    .text               mc_w.l(llshl.o)
    0x080c0662   0x080c0662   0x00000020   Code   RO         9381    .text               mc_w.l(llushr.o)
    0x080c0682   0x080c0682   0x00000024   Code   RO         9383    .text               mc_w.l(llsshr.o)
    0x080c06a6   0x080c06a6   0x00000000   Code   RO         9402    .text               mc_w.l(iusefp.o)
    0x080c06a6   0x080c06a6   0x000000ba   Code   RO         9405    .text               mf_w.l(depilogue.o)
    0x080c0760   0x080c0760   0x00000030   Code   RO         9407    .text               mf_w.l(dfixul.o)
    0x080c0790   0x080c0790   0x00000030   Code   RO         9409    .text               mf_w.l(cdrcmple.o)
    0x080c07c0   0x080c07c0   0x00000024   Code   RO         9411    .text               mc_w.l(init.o)
    0x080c07e4   0x080c07e4   0x00000056   Code   RO         9466    .text               mc_w.l(__dczerorl2.o)
    0x080c083a   0x080c083a   0x00000002   PAD
    0x080c083c   0x080c083c   0x0000002c   Code   RO         7090    i.Beep_GPIO_Config  bsp_beep.o
    0x080c0868   0x080c0868   0x00000002   Code   RO         5526    i.BusFault_Handler  stm32f4xx_it.o
    0x080c086a   0x080c086a   0x0000004e   Code   RO         7479    i.CH376ByteRead     filesys.o
    0x080c08b8   0x080c08b8   0x00000016   Code   RO         7485    i.CH376DiskConnect  filesys.o
    0x080c08ce   0x080c08ce   0x00000006   Code   RO         7486    i.CH376DiskMount    filesys.o
    0x080c08d4   0x080c08d4   0x00000008   Code   RO         7490    i.CH376FileClose    filesys.o
    0x080c08dc   0x080c08dc   0x00000024   Code   RO         7494    i.CH376FileOpen     filesys.o
    0x080c0900   0x080c0900   0x0000004c   Code   RO         7495    i.CH376FileOpenDir  filesys.o
    0x080c094c   0x080c094c   0x00000006   Code   RO         7496    i.CH376FileOpenPath  filesys.o
    0x080c0952   0x080c0952   0x00000006   Code   RO         7498    i.CH376GetFileSize  filesys.o
    0x080c0958   0x080c0958   0x0000001c   Code   RO         7499    i.CH376GetIntStatus  filesys.o
    0x080c0974   0x080c0974   0x00000030   Code   RO         7500    i.CH376Read32bitDat  filesys.o
    0x080c09a4   0x080c09a4   0x0000002c   Code   RO         7501    i.CH376ReadBlock    filesys.o
    0x080c09d0   0x080c09d0   0x00000018   Code   RO         7502    i.CH376ReadVar32    filesys.o
    0x080c09e8   0x080c09e8   0x0000001e   Code   RO         7503    i.CH376ReadVar8     filesys.o
    0x080c0a06   0x080c0a06   0x0000001a   Code   RO         7505    i.CH376SendCmdDatWaitInt  filesys.o
    0x080c0a20   0x080c0a20   0x00000012   Code   RO         7506    i.CH376SendCmdWaitInt  filesys.o
    0x080c0a32   0x080c0a32   0x0000008e   Code   RO         7508    i.CH376SetFileName  filesys.o
    0x080c0ac0   0x080c0ac0   0x00000036   Code   RO         7512    i.CH376WriteVar32   filesys.o
    0x080c0af6   0x080c0af6   0x00000002   PAD
    0x080c0af8   0x080c0af8   0x000000ec   Code   RO         7387    i.CH376_GPIO_Init   ch376.o
    0x080c0be4   0x080c0be4   0x0000002c   Code   RO         8357    i.DCD_EP_Close      usb_dcd.o
    0x080c0c10   0x080c0c10   0x00000038   Code   RO         8358    i.DCD_EP_ClrStall   usb_dcd.o
    0x080c0c48   0x080c0c48   0x00000018   Code   RO         8359    i.DCD_EP_Flush      usb_dcd.o
    0x080c0c60   0x080c0c60   0x0000003c   Code   RO         8360    i.DCD_EP_Open       usb_dcd.o
    0x080c0c9c   0x080c0c9c   0x00000044   Code   RO         8361    i.DCD_EP_PrepareRx  usb_dcd.o
    0x080c0ce0   0x080c0ce0   0x00000010   Code   RO         8362    i.DCD_EP_SetAddress  usb_dcd.o
    0x080c0cf0   0x080c0cf0   0x00000038   Code   RO         8363    i.DCD_EP_Stall      usb_dcd.o
    0x080c0d28   0x080c0d28   0x0000003e   Code   RO         8364    i.DCD_EP_Tx         usb_dcd.o
    0x080c0d66   0x080c0d66   0x00000002   PAD
    0x080c0d68   0x080c0d68   0x000000cc   Code   RO         8451    i.DCD_HandleInEP_ISR  usb_dcd_int.o
    0x080c0e34   0x080c0e34   0x000000ac   Code   RO         8452    i.DCD_HandleOutEP_ISR  usb_dcd_int.o
    0x080c0ee0   0x080c0ee0   0x0000007c   Code   RO         8453    i.DCD_HandleRxStatusQueueLevel_ISR  usb_dcd_int.o
    0x080c0f5c   0x080c0f5c   0x00000070   Code   RO         8454    i.DCD_HandleUSBSuspend_ISR  usb_dcd_int.o
    0x080c0fcc   0x080c0fcc   0x00000090   Code   RO         8455    i.DCD_HandleUsbReset_ISR  usb_dcd_int.o
    0x080c105c   0x080c105c   0x00000092   Code   RO         8366    i.DCD_Init          usb_dcd.o
    0x080c10ee   0x080c10ee   0x0000008a   Code   RO         8456    i.DCD_WriteEmptyTxFifo  usb_dcd_int.o
    0x080c1178   0x080c1178   0x00000018   Code   RO         1358    i.DMA2D_DeInit      stm32f4xx_dma2d.o
    0x080c1190   0x080c1190   0x00000014   Code   RO         1363    i.DMA2D_GetFlagStatus  stm32f4xx_dma2d.o
    0x080c11a4   0x080c11a4   0x000000b4   Code   RO         1366    i.DMA2D_Init        stm32f4xx_dma2d.o
    0x080c1258   0x080c1258   0x00000010   Code   RO         1368    i.DMA2D_StartTransfer  stm32f4xx_dma2d.o
    0x080c1268   0x080c1268   0x00000002   Code   RO         5527    i.DebugMon_Handler  stm32f4xx_it.o
    0x080c126a   0x080c126a   0x00000010   Code   RO         5260    i.Delay             main.o
    0x080c127a   0x080c127a   0x00000002   PAD
    0x080c127c   0x080c127c   0x00001bf2   Code   RO         8064    i.DrawLogo          power_on.o
    0x080c2e6e   0x080c2e6e   0x00000002   PAD
    0x080c2e70   0x080c2e70   0x00000154   Code   RO         5767    i.DrawPowOff        bsp_lcd.o
    0x080c2fc4   0x080c2fc4   0x000000b8   Code   RO         5771    i.DrawUdisk1        bsp_lcd.o
    0x080c307c   0x080c307c   0x000000b2   Code   RO         5772    i.DrawUdisk2        bsp_lcd.o
    0x080c312e   0x080c312e   0x00000002   PAD
    0x080c3130   0x080c3130   0x0000000c   Code   RO         1550    i.FLASH_ClearFlag   stm32f4xx_flash.o
    0x080c313c   0x080c313c   0x0000006c   Code   RO         1556    i.FLASH_EraseSector  stm32f4xx_flash.o
    0x080c31a8   0x080c31a8   0x0000003c   Code   RO         1558    i.FLASH_GetStatus   stm32f4xx_flash.o
    0x080c31e4   0x080c31e4   0x00000064   Code   RO         7705    i.FLASH_If_Erase    flash_if.o
    0x080c3248   0x080c3248   0x00000050   Code   RO         7707    i.FLASH_If_Write    flash_if.o
    0x080c3298   0x080c3298   0x0000003c   Code   RO         1586    i.FLASH_ProgramWord  stm32f4xx_flash.o
    0x080c32d4   0x080c32d4   0x00000024   Code   RO         1588    i.FLASH_Unlock      stm32f4xx_flash.o
    0x080c32f8   0x080c32f8   0x0000001e   Code   RO         1589    i.FLASH_WaitForLastOperation  stm32f4xx_flash.o
    0x080c3316   0x080c3316   0x00000036   Code   RO         1954    i.FMC_GetFlagStatus  stm32f4xx_fmc.o
    0x080c334c   0x080c334c   0x00000022   Code   RO         1971    i.FMC_SDRAMCmdConfig  stm32f4xx_fmc.o
    0x080c336e   0x080c336e   0x00000002   PAD
    0x080c3370   0x080c3370   0x00000120   Code   RO         1973    i.FMC_SDRAMInit     stm32f4xx_fmc.o
    0x080c3490   0x080c3490   0x00000012   Code   RO         1977    i.FMC_SetRefreshCount  stm32f4xx_fmc.o
    0x080c34a2   0x080c34a2   0x00000002   PAD
    0x080c34a4   0x080c34a4   0x00000194   Code   RO         5262    i.File_IAP          main.o
    0x080c3638   0x080c3638   0x00000078   Code   RO         2156    i.GPIO_Init         stm32f4xx_gpio.o
    0x080c36b0   0x080c36b0   0x00000020   Code   RO         2157    i.GPIO_PinAFConfig  stm32f4xx_gpio.o
    0x080c36d0   0x080c36d0   0x0000000e   Code   RO         2160    i.GPIO_ReadInputDataBit  stm32f4xx_gpio.o
    0x080c36de   0x080c36de   0x00000004   Code   RO         2163    i.GPIO_ResetBits    stm32f4xx_gpio.o
    0x080c36e2   0x080c36e2   0x00000004   Code   RO         2164    i.GPIO_SetBits      stm32f4xx_gpio.o
    0x080c36e6   0x080c36e6   0x00000002   PAD
    0x080c36e8   0x080c36e8   0x0000001c   Code   RO         5528    i.HardFault_Handler  stm32f4xx_it.o
    0x080c3704   0x080c3704   0x0000000c   Code   RO         7708    i.IAP_Flash_Write   flash_if.o
    0x080c3710   0x080c3710   0x00000016   Code   RO         7709    i.IAP_Start         flash_if.o
    0x080c3726   0x080c3726   0x00000002   PAD
    0x080c3728   0x080c3728   0x0000006c   Code   RO         7388    i.Init_CH376        ch376.o
    0x080c3794   0x080c3794   0x00000010   Code   RO         6596    i.Key_Delay         bsp_key.o
    0x080c37a4   0x080c37a4   0x00000084   Code   RO         6598    i.Key_GPIO_Config   bsp_key.o
    0x080c3828   0x080c3828   0x00000588   Code   RO         6599    i.Key_Scan          bsp_key.o
    0x080c3db0   0x080c3db0   0x00000058   Code   RO         5788    i.LCD_Clear         bsp_lcd.o
    0x080c3e08   0x080c3e08   0x0000002c   Code   RO         5796    i.LCD_DisplayChar_48  bsp_lcd.o
    0x080c3e34   0x080c3e34   0x00000048   Code   RO         5797    i.LCD_DisplayChinese  bsp_lcd.o
    0x080c3e7c   0x080c3e7c   0x0000006c   Code   RO         5798    i.LCD_DisplayStringLine  bsp_lcd.o
    0x080c3ee8   0x080c3ee8   0x00000078   Code   RO         5802    i.LCD_DrawChar      bsp_lcd.o
    0x080c3f60   0x080c3f60   0x00000078   Code   RO         5804    i.LCD_DrawChinese   bsp_lcd.o
    0x080c3fd8   0x080c3fd8   0x0000009c   Code   RO         5805    i.LCD_DrawCircle    bsp_lcd.o
    0x080c4074   0x080c4074   0x00000068   Code   RO         5809    i.LCD_DrawFullRect  bsp_lcd.o
    0x080c40dc   0x080c40dc   0x00000080   Code   RO         5810    i.LCD_DrawLine      bsp_lcd.o
    0x080c415c   0x080c415c   0x000000b4   Code   RO         5813    i.LCD_DrawUniLine   bsp_lcd.o
    0x080c4210   0x080c4210   0x000002b4   Code   RO         5816    i.LCD_GPIO_Config   bsp_lcd.o
    0x080c44c4   0x080c44c4   0x00000088   Code   RO         5819    i.LCD_Init          bsp_lcd.o
    0x080c454c   0x080c454c   0x00000094   Code   RO         5820    i.LCD_LayerInit     bsp_lcd.o
    0x080c45e0   0x080c45e0   0x0000000c   Code   RO         5827    i.LCD_SetColors     bsp_lcd.o
    0x080c45ec   0x080c45ec   0x00000020   Code   RO         5831    i.LCD_SetLayer      bsp_lcd.o
    0x080c460c   0x080c460c   0x0000001c   Code   RO         2730    i.LTDC_Cmd          stm32f4xx_ltdc.o
    0x080c4628   0x080c4628   0x000000a8   Code   RO         2741    i.LTDC_Init         stm32f4xx_ltdc.o
    0x080c46d0   0x080c46d0   0x00000014   Code   RO         2745    i.LTDC_LayerCmd     stm32f4xx_ltdc.o
    0x080c46e4   0x080c46e4   0x00000096   Code   RO         2746    i.LTDC_LayerInit    stm32f4xx_ltdc.o
    0x080c477a   0x080c477a   0x00000002   PAD
    0x080c477c   0x080c477c   0x0000000c   Code   RO         2753    i.LTDC_ReloadConfig  stm32f4xx_ltdc.o
    0x080c4788   0x080c4788   0x00000002   Code   RO         5529    i.MemManage_Handler  stm32f4xx_it.o
    0x080c478a   0x080c478a   0x00000002   Code   RO         5530    i.NMI_Handler       stm32f4xx_it.o
    0x080c478c   0x080c478c   0x00000064   Code   RO          164    i.NVIC_Init         misc.o
    0x080c47f0   0x080c47f0   0x00000014   Code   RO          165    i.NVIC_PriorityGroupConfig  misc.o
    0x080c4804   0x080c4804   0x00000014   Code   RO          166    i.NVIC_SetVectorTable  misc.o
    0x080c4818   0x080c4818   0x0000000c   Code   RO         5531    i.OTG_FS_IRQHandler  stm32f4xx_it.o
    0x080c4824   0x080c4824   0x0000000c   Code   RO         8975    i.OTG_HS_EP1_IN_IRQHandler  usb_bsp.o
    0x080c4830   0x080c4830   0x0000000c   Code   RO         8976    i.OTG_HS_EP1_OUT_IRQHandler  usb_bsp.o
    0x080c483c   0x080c483c   0x0000000c   Code   RO         8977    i.OTG_HS_IRQHandler  usb_bsp.o
    0x080c4848   0x080c4848   0x00000002   Code   RO         5532    i.PendSV_Handler    stm32f4xx_it.o
    0x080c484a   0x080c484a   0x00000002   PAD
    0x080c484c   0x080c484c   0x00000010   Code   RO         5267    i.PowerOffHandle    main.o
    0x080c485c   0x080c485c   0x00000030   Code   RO         5838    i.PutPixel          bsp_lcd.o
    0x080c488c   0x080c488c   0x00000018   Code   RO         7389    i.Query376Interrupt  ch376.o
    0x080c48a4   0x080c48a4   0x00000018   Code   RO         3070    i.RCC_AHB1PeriphClockCmd  stm32f4xx_rcc.o
    0x080c48bc   0x080c48bc   0x00000018   Code   RO         3072    i.RCC_AHB1PeriphResetCmd  stm32f4xx_rcc.o
    0x080c48d4   0x080c48d4   0x00000018   Code   RO         3076    i.RCC_AHB3PeriphClockCmd  stm32f4xx_rcc.o
    0x080c48ec   0x080c48ec   0x00000018   Code   RO         3079    i.RCC_APB1PeriphClockCmd  stm32f4xx_rcc.o
    0x080c4904   0x080c4904   0x00000018   Code   RO         3082    i.RCC_APB2PeriphClockCmd  stm32f4xx_rcc.o
    0x080c491c   0x080c491c   0x00000034   Code   RO         3092    i.RCC_GetFlagStatus  stm32f4xx_rcc.o
    0x080c4950   0x080c4950   0x00000014   Code   RO         3103    i.RCC_LTDCCLKDivConfig  stm32f4xx_rcc.o
    0x080c4964   0x080c4964   0x0000000c   Code   RO         3112    i.RCC_PLLSAICmd     stm32f4xx_rcc.o
    0x080c4970   0x080c4970   0x00000014   Code   RO         3113    i.RCC_PLLSAIConfig  stm32f4xx_rcc.o
    0x080c4984   0x080c4984   0x00000388   Code   RO         5697    i.SDRAM_GPIO_Config  bsp_sdram.o
    0x080c4d0c   0x080c4d0c   0x0000005e   Code   RO         5698    i.SDRAM_Init        bsp_sdram.o
    0x080c4d6a   0x080c4d6a   0x00000002   PAD
    0x080c4d6c   0x080c4d6c   0x000000b4   Code   RO         5699    i.SDRAM_InitSequence  bsp_sdram.o
    0x080c4e20   0x080c4e20   0x00000014   Code   RO         4225    i.SPI_Cmd           stm32f4xx_spi.o
    0x080c4e34   0x080c4e34   0x0000000e   Code   RO         4233    i.SPI_I2S_GetFlagStatus  stm32f4xx_spi.o
    0x080c4e42   0x080c4e42   0x00000004   Code   RO         4236    i.SPI_I2S_ReceiveData  stm32f4xx_spi.o
    0x080c4e46   0x080c4e46   0x00000004   Code   RO         4237    i.SPI_I2S_SendData  stm32f4xx_spi.o
    0x080c4e4a   0x080c4e4a   0x00000038   Code   RO         4238    i.SPI_Init          stm32f4xx_spi.o
    0x080c4e82   0x080c4e82   0x00000002   PAD
    0x080c4e84   0x080c4e84   0x00000040   Code   RO         7390    i.SPI_TIMEOUT_UserCallback  ch376.o
    0x080c4ec4   0x080c4ec4   0x00000064   Code   RO         7391    i.SPIx_ReadWriteByte  ch376.o
    0x080c4f28   0x080c4f28   0x00000002   Code   RO         5533    i.SVC_Handler       stm32f4xx_it.o
    0x080c4f2a   0x080c4f2a   0x00000002   PAD
    0x080c4f2c   0x080c4f2c   0x000000d0   Code   RO           13    i.SetSysClock       system_stm32f4xx.o
    0x080c4ffc   0x080c4ffc   0x00000002   Code   RO         5534    i.SysTick_Handler   stm32f4xx_it.o
    0x080c4ffe   0x080c4ffe   0x00000002   PAD
    0x080c5000   0x080c5000   0x00000038   Code   RO         7046    i.SysTick_Init      bsp_systick.o
    0x080c5038   0x080c5038   0x0000005c   Code   RO           15    i.SystemInit        system_stm32f4xx.o
    0x080c5094   0x080c5094   0x0000002c   Code   RO         7118    i.TIM6_DAC_IRQHandler  bsp_basic_tim.o
    0x080c50c0   0x080c50c0   0x00000078   Code   RO         7120    i.TIM8_PWMOUTPUT_Config  bsp_basic_tim.o
    0x080c5138   0x080c5138   0x00000006   Code   RO         4455    i.TIM_ClearFlag     stm32f4xx_tim.o
    0x080c513e   0x080c513e   0x00000006   Code   RO         4456    i.TIM_ClearITPendingBit  stm32f4xx_tim.o
    0x080c5144   0x080c5144   0x00000014   Code   RO         4461    i.TIM_Cmd           stm32f4xx_tim.o
    0x080c5158   0x080c5158   0x00000018   Code   RO         4482    i.TIM_GetITStatus   stm32f4xx_tim.o
    0x080c5170   0x080c5170   0x00000010   Code   RO         4486    i.TIM_ITConfig      stm32f4xx_tim.o
    0x080c5180   0x080c5180   0x00000060   Code   RO         4490    i.TIM_OC1Init       stm32f4xx_tim.o
    0x080c51e0   0x080c51e0   0x0000000c   Code   RO         4493    i.TIM_OC1PreloadConfig  stm32f4xx_tim.o
    0x080c51ec   0x080c51ec   0x0000007c   Code   RO         4500    i.TIM_OC3Init       stm32f4xx_tim.o
    0x080c5268   0x080c5268   0x00000064   Code   RO         7121    i.TIM_PWMOUTPUT_Config  bsp_basic_tim.o
    0x080c52cc   0x080c52cc   0x0000007c   Code   RO         4533    i.TIM_TimeBaseInit  stm32f4xx_tim.o
    0x080c5348   0x080c5348   0x000000e4   Code   RO         7122    i.TIMx_Configuration  bsp_basic_tim.o
    0x080c542c   0x080c542c   0x00000144   Code   RO         7302    i.Touch_Scan        touchscreen.o
    0x080c5570   0x080c5570   0x000000a8   Code   RO         5535    i.USART1_IRQHandler  stm32f4xx_it.o
    0x080c5618   0x080c5618   0x0000000c   Code   RO         4999    i.USART_ClearITPendingBit  stm32f4xx_usart.o
    0x080c5624   0x080c5624   0x0000000e   Code   RO         5005    i.USART_GetFlagStatus  stm32f4xx_usart.o
    0x080c5632   0x080c5632   0x0000003e   Code   RO         5006    i.USART_GetITStatus  stm32f4xx_usart.o
    0x080c5670   0x080c5670   0x00000008   Code   RO         5016    i.USART_ReceiveData  stm32f4xx_usart.o
    0x080c5678   0x080c5678   0x00000008   Code   RO         5019    i.USART_SendData    stm32f4xx_usart.o
    0x080c5680   0x080c5680   0x0000000e   Code   RO         8521    i.USBD_ClrCfg       usbd_core.o
    0x080c568e   0x080c568e   0x00000012   Code   RO         8635    i.USBD_CtlContinueRx  usbd_ioreq.o
    0x080c56a0   0x080c56a0   0x00000012   Code   RO         8636    i.USBD_CtlContinueSendData  usbd_ioreq.o
    0x080c56b2   0x080c56b2   0x0000001c   Code   RO         8695    i.USBD_CtlError     usbd_req.o
    0x080c56ce   0x080c56ce   0x00000022   Code   RO         8638    i.USBD_CtlReceiveStatus  usbd_ioreq.o
    0x080c56f0   0x080c56f0   0x00000020   Code   RO         8639    i.USBD_CtlSendData  usbd_ioreq.o
    0x080c5710   0x080c5710   0x00000022   Code   RO         8640    i.USBD_CtlSendStatus  usbd_ioreq.o
    0x080c5732   0x080c5732   0x00000002   PAD
    0x080c5734   0x080c5734   0x000000b0   Code   RO         8522    i.USBD_DataInStage  usbd_core.o
    0x080c57e4   0x080c57e4   0x00000074   Code   RO         8523    i.USBD_DataOutStage  usbd_core.o
    0x080c5858   0x080c5858   0x00000016   Code   RO         8525    i.USBD_DevConnected  usbd_core.o
    0x080c586e   0x080c586e   0x00000020   Code   RO         8526    i.USBD_DevDisconnected  usbd_core.o
    0x080c588e   0x080c588e   0x00000002   PAD
    0x080c5890   0x080c5890   0x00000124   Code   RO         8696    i.USBD_GetDescriptor  usbd_req.o
    0x080c59b4   0x080c59b4   0x00000046   Code   RO         8697    i.USBD_GetString    usbd_req.o
    0x080c59fa   0x080c59fa   0x0000000c   Code   RO         8839    i.USBD_HID_DataIn   usbd_hid_core.o
    0x080c5a06   0x080c5a06   0x00000002   PAD
    0x080c5a08   0x080c5a08   0x00000010   Code   RO         8840    i.USBD_HID_DataOut  usbd_hid_core.o
    0x080c5a18   0x080c5a18   0x00000016   Code   RO         8841    i.USBD_HID_DeInit   usbd_hid_core.o
    0x080c5a2e   0x080c5a2e   0x00000002   PAD
    0x080c5a30   0x080c5a30   0x0000000c   Code   RO         8842    i.USBD_HID_GetCfgDesc  usbd_hid_core.o
    0x080c5a3c   0x080c5a3c   0x0000001e   Code   RO         8843    i.USBD_HID_Init     usbd_hid_core.o
    0x080c5a5a   0x080c5a5a   0x00000002   PAD
    0x080c5a5c   0x080c5a5c   0x000000a4   Code   RO         8845    i.USBD_HID_Setup    usbd_hid_core.o
    0x080c5b00   0x080c5b00   0x00000034   Code   RO         8527    i.USBD_Init         usbd_core.o
    0x080c5b34   0x080c5b34   0x0000000e   Code   RO         8528    i.USBD_IsoINIncomplete  usbd_core.o
    0x080c5b42   0x080c5b42   0x0000000e   Code   RO         8529    i.USBD_IsoOUTIncomplete  usbd_core.o
    0x080c5b50   0x080c5b50   0x00000078   Code   RO         8457    i.USBD_OTG_EP1IN_ISR_Handler  usb_dcd_int.o
    0x080c5bc8   0x080c5bc8   0x00000050   Code   RO         8458    i.USBD_OTG_EP1OUT_ISR_Handler  usb_dcd_int.o
    0x080c5c18   0x080c5c18   0x00000178   Code   RO         8459    i.USBD_OTG_ISR_Handler  usb_dcd_int.o
    0x080c5d90   0x080c5d90   0x00000044   Code   RO         8698    i.USBD_ParseSetupRequest  usbd_req.o
    0x080c5dd4   0x080c5dd4   0x0000002e   Code   RO         8530    i.USBD_Reset        usbd_core.o
    0x080c5e02   0x080c5e02   0x00000016   Code   RO         8531    i.USBD_Resume       usbd_core.o
    0x080c5e18   0x080c5e18   0x00000010   Code   RO         8532    i.USBD_SOF          usbd_core.o
    0x080c5e28   0x080c5e28   0x0000001a   Code   RO         8533    i.USBD_SetCfg       usbd_core.o
    0x080c5e42   0x080c5e42   0x00000002   PAD
    0x080c5e44   0x080c5e44   0x00000074   Code   RO         8699    i.USBD_SetConfig    usbd_req.o
    0x080c5eb8   0x080c5eb8   0x0000007c   Code   RO         8700    i.USBD_SetFeature   usbd_req.o
    0x080c5f34   0x080c5f34   0x00000048   Code   RO         8534    i.USBD_SetupStage   usbd_core.o
    0x080c5f7c   0x080c5f7c   0x000000f0   Code   RO         8701    i.USBD_StdDevReq    usbd_req.o
    0x080c606c   0x080c606c   0x000000d4   Code   RO         8702    i.USBD_StdEPReq     usbd_req.o
    0x080c6140   0x080c6140   0x00000036   Code   RO         8703    i.USBD_StdItfReq    usbd_req.o
    0x080c6176   0x080c6176   0x0000001c   Code   RO         8535    i.USBD_Suspend      usbd_core.o
    0x080c6192   0x080c6192   0x00000002   PAD
    0x080c6194   0x080c6194   0x00000020   Code   RO         8906    i.USBD_USR_ConfigStrDescriptor  usbd_desc.o
    0x080c61b4   0x080c61b4   0x00000002   Code   RO         8772    i.USBD_USR_DeviceConfigured  usbd_usr.o
    0x080c61b6   0x080c61b6   0x00000002   Code   RO         8773    i.USBD_USR_DeviceConnected  usbd_usr.o
    0x080c61b8   0x080c61b8   0x0000000c   Code   RO         8907    i.USBD_USR_DeviceDescriptor  usbd_desc.o
    0x080c61c4   0x080c61c4   0x00000002   Code   RO         8774    i.USBD_USR_DeviceDisconnected  usbd_usr.o
    0x080c61c6   0x080c61c6   0x00000002   Code   RO         8775    i.USBD_USR_DeviceReset  usbd_usr.o
    0x080c61c8   0x080c61c8   0x00000002   Code   RO         8776    i.USBD_USR_DeviceResumed  usbd_usr.o
    0x080c61ca   0x080c61ca   0x00000002   Code   RO         8777    i.USBD_USR_DeviceSuspended  usbd_usr.o
    0x080c61cc   0x080c61cc   0x00000034   Code   RO         8778    i.USBD_USR_Init     usbd_usr.o
    0x080c6200   0x080c6200   0x00000024   Code   RO         8908    i.USBD_USR_InterfaceStrDescriptor  usbd_desc.o
    0x080c6224   0x080c6224   0x0000000c   Code   RO         8909    i.USBD_USR_LangIDStrDescriptor  usbd_desc.o
    0x080c6230   0x080c6230   0x00000028   Code   RO         8910    i.USBD_USR_ManufacturerStrDescriptor  usbd_desc.o
    0x080c6258   0x080c6258   0x0000004c   Code   RO         8911    i.USBD_USR_ProductStrDescriptor  usbd_desc.o
    0x080c62a4   0x080c62a4   0x0000003c   Code   RO         8912    i.USBD_USR_SerialStrDescriptor  usbd_desc.o
    0x080c62e0   0x080c62e0   0x00000068   Code   RO         8978    i.USB_OTG_BSP_EnableInterrupt  usb_bsp.o
    0x080c6348   0x080c6348   0x00000070   Code   RO         8979    i.USB_OTG_BSP_Init  usb_bsp.o
    0x080c63b8   0x080c63b8   0x0000000a   Code   RO         8980    i.USB_OTG_BSP_mDelay  usb_bsp.o
    0x080c63c2   0x080c63c2   0x0000001e   Code   RO         8981    i.USB_OTG_BSP_uDelay  usb_bsp.o
    0x080c63e0   0x080c63e0   0x00000080   Code   RO         8127    i.USB_OTG_CoreInit  usb_core.o
    0x080c6460   0x080c6460   0x00000166   Code   RO         8128    i.USB_OTG_CoreInitDev  usb_core.o
    0x080c65c6   0x080c65c6   0x00000002   PAD
    0x080c65c8   0x080c65c8   0x00000058   Code   RO         8129    i.USB_OTG_CoreReset  usb_core.o
    0x080c6620   0x080c6620   0x00000010   Code   RO         8130    i.USB_OTG_DisableGlobalInt  usb_core.o
    0x080c6630   0x080c6630   0x0000003a   Code   RO         8131    i.USB_OTG_EP0Activate  usb_core.o
    0x080c666a   0x080c666a   0x000000b8   Code   RO         8132    i.USB_OTG_EP0StartXfer  usb_core.o
    0x080c6722   0x080c6722   0x00000002   PAD
    0x080c6724   0x080c6724   0x00000024   Code   RO         8133    i.USB_OTG_EP0_OutStart  usb_core.o
    0x080c6748   0x080c6748   0x00000068   Code   RO         8134    i.USB_OTG_EPActivate  usb_core.o
    0x080c67b0   0x080c67b0   0x00000032   Code   RO         8135    i.USB_OTG_EPClearStall  usb_core.o
    0x080c67e2   0x080c67e2   0x0000004e   Code   RO         8136    i.USB_OTG_EPDeactivate  usb_core.o
    0x080c6830   0x080c6830   0x00000030   Code   RO         8137    i.USB_OTG_EPSetStall  usb_core.o
    0x080c6860   0x080c6860   0x0000012a   Code   RO         8138    i.USB_OTG_EPStartXfer  usb_core.o
    0x080c698a   0x080c698a   0x00000002   PAD
    0x080c698c   0x080c698c   0x00000050   Code   RO         8139    i.USB_OTG_EnableDevInt  usb_core.o
    0x080c69dc   0x080c69dc   0x00000010   Code   RO         8140    i.USB_OTG_EnableGlobalInt  usb_core.o
    0x080c69ec   0x080c69ec   0x0000003c   Code   RO         8141    i.USB_OTG_FlushRxFifo  usb_core.o
    0x080c6a28   0x080c6a28   0x00000044   Code   RO         8142    i.USB_OTG_FlushTxFifo  usb_core.o
    0x080c6a6c   0x080c6a6c   0x00000026   Code   RO         8143    i.USB_OTG_GetDeviceSpeed  usb_core.o
    0x080c6a92   0x080c6a92   0x0000000c   Code   RO         8146    i.USB_OTG_InitDevSpeed  usb_core.o
    0x080c6a9e   0x080c6a9e   0x00000012   Code   RO         8147    i.USB_OTG_IsDeviceMode  usb_core.o
    0x080c6ab0   0x080c6ab0   0x0000000a   Code   RO         8149    i.USB_OTG_ReadCoreItr  usb_core.o
    0x080c6aba   0x080c6aba   0x0000000c   Code   RO         8150    i.USB_OTG_ReadDevAllInEPItr  usb_core.o
    0x080c6ac6   0x080c6ac6   0x0000000c   Code   RO         8151    i.USB_OTG_ReadDevAllOutEp_itr  usb_core.o
    0x080c6ad2   0x080c6ad2   0x00000010   Code   RO         8152    i.USB_OTG_ReadDevOutEP_itr  usb_core.o
    0x080c6ae2   0x080c6ae2   0x00000020   Code   RO         8154    i.USB_OTG_ReadPacket  usb_core.o
    0x080c6b02   0x080c6b02   0x00000002   PAD
    0x080c6b04   0x080c6b04   0x000000c0   Code   RO         8155    i.USB_OTG_SelectCore  usb_core.o
    0x080c6bc4   0x080c6bc4   0x0000002a   Code   RO         8156    i.USB_OTG_SetCurrentMode  usb_core.o
    0x080c6bee   0x080c6bee   0x00000028   Code   RO         8160    i.USB_OTG_WritePacket  usb_core.o
    0x080c6c16   0x080c6c16   0x00000002   Code   RO         5536    i.UsageFault_Handler  stm32f4xx_it.o
    0x080c6c18   0x080c6c18   0x00000024   Code   RO         7514    i.Wait376Interrupt  filesys.o
    0x080c6c3c   0x080c6c3c   0x00000020   Code   RO         9286    i.__0printf         mc_w.l(printfa.o)
    0x080c6c5c   0x080c6c5c   0x00000028   Code   RO         9288    i.__0sprintf        mc_w.l(printfa.o)
    0x080c6c84   0x080c6c84   0x0000000e   Code   RO         9460    i.__scatterload_copy  mc_w.l(handlers.o)
    0x080c6c92   0x080c6c92   0x00000002   Code   RO         9461    i.__scatterload_null  mc_w.l(handlers.o)
    0x080c6c94   0x080c6c94   0x0000000e   Code   RO         9462    i.__scatterload_zeroinit  mc_w.l(handlers.o)
    0x080c6ca2   0x080c6ca2   0x00000002   PAD
    0x080c6ca4   0x080c6ca4   0x00000184   Code   RO         9293    i._fp_digits        mc_w.l(printfa.o)
    0x080c6e28   0x080c6e28   0x000006dc   Code   RO         9294    i._printf_core      mc_w.l(printfa.o)
    0x080c7504   0x080c7504   0x00000024   Code   RO         9295    i._printf_post_padding  mc_w.l(printfa.o)
    0x080c7528   0x080c7528   0x0000002e   Code   RO         9296    i._printf_pre_padding  mc_w.l(printfa.o)
    0x080c7556   0x080c7556   0x0000000a   Code   RO         9298    i._sputc            mc_w.l(printfa.o)
    0x080c7560   0x080c7560   0x00000024   Code   RO         6395    i.fputc             bsp_debug_usart.o
    0x080c7584   0x080c7584   0x000000dc   Code   RO         5275    i.main              main.o
    0x080c7660   0x080c7660   0x0000004c   Code   RO         5276    i.udisk_scan        main.o
    0x080c76ac   0x080c76ac   0x0000000c   Code   RO         7394    i.xEndCH376Cmd      ch376.o
    0x080c76b8   0x080c76b8   0x00000012   Code   RO         7395    i.xReadCH376Data    ch376.o
    0x080c76ca   0x080c76ca   0x00000002   PAD
    0x080c76cc   0x080c76cc   0x00000048   Code   RO         7396    i.xWriteCH376Cmd    ch376.o
    0x080c7714   0x080c7714   0x00000010   Code   RO         7397    i.xWriteCH376Data   ch376.o
    0x080c7724   0x080c7724   0x000011d0   Data   RO         6316    .constdata          fonts.o
    0x080c88f4   0x080c88f4   0x00003124   Data   RO         6320    .constdata          fonts.o
    0x080cba18   0x080cba18   0x00002e04   Data   RO         6325    .constdata          fonts.o
    0x080ce81c   0x080ce81c   0x00000020   Data   RO         9458    Region$$Table       anon$$obj.o


    Execution Region RW_IRAM1 (Exec base: 0x20000000, Load base: 0x080ce83c, Size: 0x00001860, Max: 0x00030000, ABSOLUTE, COMPRESSED[0x00000104])

    Exec Addr    Load Addr    Size         Type   Attr      Idx    E Section Name        Object

    0x20000000   COMPRESSED   0x00000014   Data   RW           16    .data               system_stm32f4xx.o
    0x20000014   COMPRESSED   0x00000038   Data   RW         5280    .data               main.o
    0x2000004c   COMPRESSED   0x00000005   Data   RW         5539    .data               stm32f4xx_it.o
    0x20000051   COMPRESSED   0x00000003   PAD
    0x20000054   COMPRESSED   0x0000001c   Data   RW         5841    .data               bsp_lcd.o
    0x20000070   COMPRESSED   0x00000008   Data   RW         6338    .data               fonts.o
    0x20000078   COMPRESSED   0x00000008   Data   RW         6339    .data               fonts.o
    0x20000080   COMPRESSED   0x00000008   Data   RW         6354    .data               fonts.o
    0x20000088   COMPRESSED   0x00000022   Data   RW         6646    .data               bsp_key.o
    0x200000aa   COMPRESSED   0x00000002   PAD
    0x200000ac   COMPRESSED   0x0000001c   Data   RW         7125    .data               bsp_basic_tim.o
    0x200000c8   COMPRESSED   0x00000028   Data   RW         7305    .data               touchscreen.o
    0x200000f0   COMPRESSED   0x00000004   Data   RW         7398    .data               ch376.o
    0x200000f4   COMPRESSED   0x0000002c   Data   RW         8536    .data               usbd_core.o
    0x20000120   COMPRESSED   0x00000004   Data   RW         8537    .data               usbd_core.o
    0x20000124   COMPRESSED   0x00000004   Data   RW         8538    .data               usbd_core.o
    0x20000128   COMPRESSED   0x00000010   Data   RW         8705    .data               usbd_req.o
    0x20000138   COMPRESSED   0x0000001c   Data   RW         8779    .data               usbd_usr.o
    0x20000154   COMPRESSED   0x00000030   Data   RW         8847    .data               usbd_hid_core.o
    0x20000184   COMPRESSED   0x0000005a   Data   RW         8848    .data               usbd_hid_core.o
    0x200001de   COMPRESSED   0x00000002   PAD
    0x200001e0   COMPRESSED   0x0000001c   Data   RW         8913    .data               usbd_desc.o
    0x200001fc   COMPRESSED   0x00000016   Data   RW         8914    .data               usbd_desc.o
    0x20000212   COMPRESSED   0x0000000a   Data   RW         8915    .data               usbd_desc.o
    0x2000021c   COMPRESSED   0x00000004   Data   RW         9374    .data               mc_w.l(stdout.o)
    0x20000220        -       0x00001118   Zero   RW         5278    .bss                main.o
    0x20001338        -       0x00000027   Zero   RW         5537    .bss                stm32f4xx_it.o
    0x2000135f        -       0x000000ff   Zero   RW         8704    .bss                usbd_req.o
    0x2000145e   COMPRESSED   0x00000002   PAD
    0x20001460        -       0x00000400   Zero   RW            1    STACK               startup_stm32f429_439xx.o


==============================================================================

Image component sizes


      Code (inc. data)   RO Data    RW Data    ZI Data      Debug   Object Name

       492         34          0         28          0       7768   bsp_basic_tim.o
        44          6          0          0          0        535   bsp_beep.o
        36          6          0          0          0        600   bsp_debug_usart.o
      1564         34          0         34          0       6799   bsp_key.o
      2890        146          0         28          0      15525   bsp_lcd.o
      1178         28          0          0          0       2585   bsp_sdram.o
        56         10          0          0          0      27042   bsp_systick.o
       650         96          0          4          0       5872   ch376.o
       688          6          0          0          0      11566   filesys.o
       214          8          0          0          0       2820   flash_if.o
         0          0      28920         24          0       4065   fonts.o
       732        170          0         56       4376      34135   main.o
       140         22          0          0          0       2313   misc.o
      7154          4          0          0          0       2343   power_on.o
        36          8        428          0       1024        960   startup_stm32f429_439xx.o
       240         18          0          0          0       3200   stm32f4xx_dma2d.o
       306         32          0          0          0     281884   stm32f4xx_flash.o
       394          6          0          0          0       3727   stm32f4xx_fmc.o
       174          0          0          0          0       3843   stm32f4xx_gpio.o
       224         30          0          5         39      28135   stm32f4xx_it.o
       378         24          0          0          0       3848   stm32f4xx_ltdc.o
       224         52          0          0          0       5855   stm32f4xx_rcc.o
        98          0          0          0          0       3814   stm32f4xx_spi.o
       428         44          0          0          0       8088   stm32f4xx_tim.o
       104          0          0          0          0       4217   stm32f4xx_usart.o
       300         36          0         20          0     315837   system_stm32f4xx.o
       324         48          0         40          0       2916   touchscreen.o
       292         24          0          0          0       4130   usb_bsp.o
      2094         32          0          0          0      20710   usb_core.o
       532          0          0          0          0       6543   usb_dcd.o
      1470         52          0          0          0       9102   usb_dcd_int.o
       650          4          0         52          0      10184   usbd_core.o
       268        160          0         60          0       5600   usbd_desc.o
       256         14          0        138          0       4649   usbd_hid_core.o
       136          0          0          0          0       3536   usbd_ioreq.o
      1204         52          0         16        255       8501   usbd_req.o
        64          8          0         28          0       3701   usbd_usr.o

    ----------------------------------------------------------------------
     26088       1214      29380        540       5696     866948   Object Totals
         0          0         32          0          0          0   (incl. Generated)
        54          0          0          7          2          0   (incl. Padding)

    ----------------------------------------------------------------------

      Code (inc. data)   RO Data    RW Data    ZI Data      Debug   Library Member Name

        86          0          0          0          0          0   __dczerorl2.o
         0          0          0          0          0          0   entry.o
         0          0          0          0          0          0   entry10a.o
         0          0          0          0          0          0   entry11a.o
         8          4          0          0          0          0   entry2.o
         4          0          0          0          0          0   entry5.o
         0          0          0          0          0          0   entry7b.o
         0          0          0          0          0          0   entry8b.o
         8          4          0          0          0          0   entry9a.o
        30          0          0          0          0          0   handlers.o
        36          8          0          0          0         68   init.o
         0          0          0          0          0          0   iusefp.o
        30          0          0          0          0         68   llshl.o
        36          0          0          0          0         68   llsshr.o
        32          0          0          0          0         68   llushr.o
      2308         96          0          0          0        604   printfa.o
         0          0          0          4          0          0   stdout.o
        18          0          0          0          0         68   strcpy.o
        44          0          0          0          0         80   uidiv.o
        98          0          0          0          0         92   uldiv.o
        48          0          0          0          0         68   cdrcmple.o
       334          0          0          0          0        148   dadd.o
       222          0          0          0          0        100   ddiv.o
       186          0          0          0          0        176   depilogue.o
        62          0          0          0          0         80   dfixi.o
        50          0          0          0          0         76   dfixui.o
        48          0          0          0          0         68   dfixul.o
        26          0          0          0          0         76   dfltui.o
       228          0          0          0          0         96   dmul.o
        38          0          0          0          0         68   f2d.o

    ----------------------------------------------------------------------
      3984        112          0          4          0       2072   Library Totals
         4          0          0          0          0          0   (incl. Padding)

    ----------------------------------------------------------------------

      Code (inc. data)   RO Data    RW Data    ZI Data      Debug   Library Name

      2738        112          0          4          0       1116   mc_w.l
      1242          0          0          0          0        956   mf_w.l

    ----------------------------------------------------------------------
      3984        112          0          4          0       2072   Library Totals

    ----------------------------------------------------------------------

==============================================================================


      Code (inc. data)   RO Data    RW Data    ZI Data      Debug   

     30072       1326      29380        544       5696     845412   Grand Totals
     30072       1326      29380        260       5696     845412   ELF Image Totals (compressed)
     30072       1326      29380        260          0          0   ROM Totals

==============================================================================

    Total RO  Size (Code + RO Data)                59452 (  58.06kB)
    Total RW  Size (RW Data + ZI Data)              6240 (   6.09kB)
    Total ROM Size (Code + RO Data + RW Data)      59712 (  58.31kB)

==============================================================================

